******************************************************************************
                  TI ARM Linker Unix v18.12.4                  
******************************************************************************
>> Linked Tue Feb 11 10:37:48 2020

OUTPUT FILE NAME:   <simple_observer_cc2640r2lp_app.out>
ENTRY POINT SYMBOL: "ResetISR"  address: 00007c4d


MEMORY CONFIGURATION

         name            origin    length      used     unused   attr    fill
----------------------  --------  ---------  --------  --------  ----  --------
  FLASH                 00000000   0001f000  0000c6ec  00012914  R  X
  FLASH_LAST_PAGE       0001f000   00001000  00000058  00000fa8  R  X
  SRAM                  20000000   00004400  00001c5f  000027a1  RW X


SEGMENT ALLOCATION MAP

run origin  load origin   length   init length attrs members
----------  ----------- ---------- ----------- ----- -------
00000000    00000000    0000b6f4   0000b6f4    r-x
  00000000    00000000    0000003c   0000003c    r-- .resetVecs
  0000003c    0000003c    00000fc4   00000fc4    r-x .text.1
  00001000    00001000    00000028   00000028    r-- .const:ti_sysbios_heaps_HeapMem_Module__FXNS__C
  00001028    00001028    00000024   00000024    r-- .const:ti_sysbios_gates_GateHwi_Module__FXNS__C
  0000104c    0000104c    00000024   00000024    r-- .const:ti_sysbios_gates_GateMutex_Module__FXNS__C
  00001070    00001070    00000020   00000020    r-- .const:ti_sysbios_family_arm_m3_Hwi_Object__DESC__C
  00001090    00001090    00000020   00000020    r-- .const:ti_sysbios_gates_GateHwi_Object__DESC__C
  000010b0    000010b0    00000020   00000020    r-- .const:ti_sysbios_gates_GateMutex_Object__DESC__C
  000010d0    000010d0    00000020   00000020    r-- .const:ti_sysbios_hal_Hwi_Object__DESC__C
  000010f0    000010f0    00000020   00000020    r-- .const:ti_sysbios_heaps_HeapMem_Object__DESC__C
  00001110    00001110    00000020   00000020    r-- .const:ti_sysbios_knl_Clock_Object__DESC__C
  00001130    00001130    00000020   00000020    r-- .const:ti_sysbios_knl_Event_Object__DESC__C
  00001150    00001150    00000020   00000020    r-- .const:ti_sysbios_knl_Mailbox_Object__DESC__C
  00001170    00001170    00000020   00000020    r-- .const:ti_sysbios_knl_Queue_Object__DESC__C
  00001190    00001190    00000020   00000020    r-- .const:ti_sysbios_knl_Semaphore_Object__DESC__C
  000011b0    000011b0    00000020   00000020    r-- .const:ti_sysbios_knl_Swi_Object__DESC__C
  000011d0    000011d0    00000020   00000020    r-- .const:ti_sysbios_knl_Task_Object__DESC__C
  000011f0    000011f0    00000008   00000008    r-- .const:ti_sysbios_knl_Idle_funcList__C
  000011f8    000011f8    00000004   00000004    r-- .const:ti_sysbios_family_arm_cc26xx_Timer_startupNeeded__C
  000011fc    000011fc    00000004   00000004    r-- .const:ti_sysbios_family_arm_m3_Hwi_E_alreadyDefined__C
  00001200    00001200    00000004   00000004    r-- .const:ti_sysbios_family_arm_m3_Hwi_E_hwiLimitExceeded__C
  00001204    00001204    00000004   00000004    r-- .const:ti_sysbios_family_arm_m3_Hwi_NUM_INTERRUPTS__C
  00001208    00001208    00000004   00000004    r-- .const:ti_sysbios_family_arm_m3_Hwi_Object__count__C
  0000120c    0000120c    00000004   00000004    r-- .const:ti_sysbios_family_arm_m3_Hwi_Object__table__C
  00001210    00001210    00000004   00000004    r-- .const:ti_sysbios_family_arm_m3_Hwi_ccr__C
  00001214    00001214    00000004   00000004    r-- .const:ti_sysbios_family_arm_m3_Hwi_excHandlerFunc__C
  00001218    00001218    00000004   00000004    r-- .const:ti_sysbios_family_arm_m3_Hwi_nullIsrFunc__C
  0000121c    0000121c    00000004   00000004    r-- .const:ti_sysbios_family_arm_m3_Hwi_numSparseInterrupts__C
  00001220    00001220    00000004   00000004    r-- .const:ti_sysbios_family_arm_m3_Hwi_priGroup__C
  00001224    00001224    00000004   00000004    r-- .const:ti_sysbios_family_arm_m3_TaskSupport_stackAlignment__C
  00001228    00001228    00000004   00000004    r-- .const:ti_sysbios_heaps_HeapMem_E_memory__C
  0000122c    0000122c    00000004   00000004    r-- .const:ti_sysbios_heaps_HeapMem_Module__gateObj__C
  00001230    00001230    00000004   00000004    r-- .const:ti_sysbios_heaps_HeapMem_Object__count__C
  00001234    00001234    00000004   00000004    r-- .const:ti_sysbios_heaps_HeapMem_Object__table__C
  00001238    00001238    00000004   00000004    r-- .const:ti_sysbios_heaps_HeapMem_reqAlign__C
  0000123c    0000123c    00000004   00000004    r-- .const:ti_sysbios_knl_Clock_triggerClock__C
  00001240    00001240    00000004   00000004    r-- .const:ti_sysbios_knl_Mailbox_Object__count__C
  00001244    00001244    00000004   00000004    r-- .const:ti_sysbios_knl_Mailbox_Object__table__C
  00001248    00001248    00000004   00000004    r-- .const:ti_sysbios_knl_Mailbox_maxTypeAlign__C
  0000124c    0000124c    00000004   00000004    r-- .const:ti_sysbios_knl_Queue_Object__count__C
  00001250    00001250    00000004   00000004    r-- .const:ti_sysbios_knl_Queue_Object__table__C
  00001254    00001254    00000004   00000004    r-- .const:ti_sysbios_knl_Semaphore_eventPost__C
  00001258    00001258    00000004   00000004    r-- .const:ti_sysbios_knl_Semaphore_eventSync__C
  0000125c    0000125c    00000004   00000004    r-- .const:ti_sysbios_knl_Swi_Object__count__C
  00001260    00001260    00000004   00000004    r-- .const:ti_sysbios_knl_Swi_Object__table__C
  00001264    00001264    00000004   00000004    r-- .const:ti_sysbios_knl_Swi_numPriorities__C
  00001268    00001268    00000004   00000004    r-- .const:ti_sysbios_knl_Task_Object__count__C
  0000126c    0000126c    00000004   00000004    r-- .const:ti_sysbios_knl_Task_Object__table__C
  00001270    00001270    00000004   00000004    r-- .const:ti_sysbios_knl_Task_allBlockedFunc__C
  00001274    00001274    00000004   00000004    r-- .const:ti_sysbios_knl_Task_defaultStackHeap__C
  00001278    00001278    00000004   00000004    r-- .const:ti_sysbios_knl_Task_defaultStackSize__C
  0000127c    0000127c    00000004   00000004    r-- .const:ti_sysbios_knl_Task_numConstructedTasks__C
  00001280    00001280    00000002   00000002    r-- .const:ti_sysbios_family_arm_cc26xx_Timer_Module__id__C
  00001282    00001282    00000002   00000002    r-- .const:ti_sysbios_family_arm_cc26xx_TimestampProvider_useClockTimer__C
  00001284    00001284    00000002   00000002    r-- .const:ti_sysbios_family_arm_m3_Hwi_Module__id__C
  00001286    00001286    00000002   00000002    r-- .const:ti_sysbios_gates_GateHwi_Module__id__C
  00001288    00001288    00000002   00000002    r-- .const:ti_sysbios_gates_GateMutex_Module__id__C
  0000128a    0000128a    00000002   00000002    r-- .const:ti_sysbios_heaps_HeapMem_Module__id__C
  0000128c    0000128c    00000002   00000002    r-- .const:ti_sysbios_knl_Task_initStackFlag__C
  0000128e    0000128e    00000001   00000001    r-- .const:ti_sysbios_knl_Clock_tickMode__C
  00001290    00001290    00000008   00000008    r-- .const:xdc_runtime_Startup_firstFxns__C
  00001298    00001298    00000008   00000008    r-- .const:xdc_runtime_Startup_lastFxns__C
  000012a0    000012a0    00000004   00000004    r-- .const:xdc_runtime_Assert_E_assertFailed__C
  000012a4    000012a4    00000004   00000004    r-- .const:xdc_runtime_Error_E_memory__C
  000012a8    000012a8    00000004   00000004    r-- .const:xdc_runtime_Error_policyFxn__C
  000012ac    000012ac    00000004   00000004    r-- .const:xdc_runtime_Error_raiseHook__C
  000012b0    000012b0    00000004   00000004    r-- .const:xdc_runtime_IGateProvider_Interface__BASE__C
  000012b4    000012b4    00000004   00000004    r-- .const:xdc_runtime_IHeap_Interface__BASE__C
  000012b8    000012b8    00000004   00000004    r-- .const:xdc_runtime_IModule_Interface__BASE__C
  000012bc    000012bc    00000004   00000004    r-- .const:xdc_runtime_Memory_defaultHeapInstance__C
  000012c0    000012c0    00000004   00000004    r-- .const:xdc_runtime_Startup_execImpl__C
  000012c4    000012c4    00000004   00000004    r-- .const:xdc_runtime_Startup_maxPasses__C
  000012c8    000012c8    00000004   00000004    r-- .const:xdc_runtime_Startup_sfxnRts__C
  000012cc    000012cc    00000004   00000004    r-- .const:xdc_runtime_Startup_sfxnTab__C
  000012d0    000012d0    00000004   00000004    r-- .const:xdc_runtime_Startup_startModsFxn__C
  000012d4    000012d4    00000004   00000004    r-- .const:xdc_runtime_SysCallback_abortFxn__C
  000012d8    000012d8    00000004   00000004    r-- .const:xdc_runtime_SysCallback_exitFxn__C
  000012dc    000012dc    00000004   00000004    r-- .const:xdc_runtime_System_abortFxn__C
  000012e0    000012e0    00000004   00000004    r-- .const:xdc_runtime_System_exitFxn__C
  000012e4    000012e4    00000004   00000004    r-- .const:xdc_runtime_System_maxAtexitHandlers__C
  000012e8    000012e8    00000004   00000004    r-- .const:xdc_runtime_Text_charTab__C
  000012ec    000012ec    00000004   00000004    r-- .const:xdc_runtime_Text_nameEmpty__C
  000012f0    000012f0    00000004   00000004    r-- .const:xdc_runtime_Text_nameStatic__C
  000012f4    000012f4    00000004   00000004    r-- .const:xdc_runtime_Text_nameUnknown__C
  000012f8    000012f8    00000002   00000002    r-- .const:xdc_runtime_Error_maxDepth__C
  000012fa    000012fa    00000002   00000002    r-- .const:xdc_runtime_Memory_Module__id__C
  000012fc    000012fc    00000002   00000002    r-- .const:xdc_runtime_Text_charCnt__C
  000012fe    000012fe    00000002   00000002    r-- .const:xdc_runtime_Text_isLoaded__C
  00001300    00001300    00000001   00000001    r-- .const:xdc_runtime_Error_policy__C
  00001304    00001304    00000004   00000004    r-- .const:ti_sysbios_rom_ROM_ti_sysbios_family_arm_cc26xx_Timer_getCount64__E
  00001308    00001308    00000004   00000004    r-- .const:ti_sysbios_rom_ROM_ti_sysbios_family_arm_cc26xx_Timer_getCurrentTick__E
  0000130c    0000130c    00000004   00000004    r-- .const:ti_sysbios_rom_ROM_ti_sysbios_family_arm_cc26xx_Timer_getMaxTicks__E
  00001310    00001310    00000004   00000004    r-- .const:ti_sysbios_rom_ROM_ti_sysbios_family_arm_cc26xx_Timer_initDevice__I
  00001314    00001314    00000004   00000004    r-- .const:ti_sysbios_rom_ROM_ti_sysbios_family_arm_cc26xx_Timer_setNextTick__E
  00001318    00001318    00000004   00000004    r-- .const:ti_sysbios_rom_ROM_ti_sysbios_family_arm_cc26xx_Timer_setThreshold__I
  0000131c    0000131c    00000004   00000004    r-- .const:ti_sysbios_rom_ROM_ti_sysbios_family_arm_cc26xx_Timer_start__E
  00001320    00001320    00000004   00000004    r-- .const:ti_sysbios_rom_ROM_ti_sysbios_family_arm_cc26xx_TimestampProvider_get32__E
  00001324    00001324    00000004   00000004    r-- .const:ti_sysbios_rom_ROM_xdc_runtime_Startup_getState__I
  00001328    00001328    00000004   00000004    r-- .const:ti_sysbios_rom_ROM_xdc_runtime_System_SupportProxy_abort__E
  0000132c    0000132c    00000004   00000004    r-- .const:ti_sysbios_rom_ROM_xdc_runtime_System_SupportProxy_exit__E
  00001330    00001330    00009088   00009088    r-x .text.2
  0000a3b8    0000a3b8    00000f88   00000f88    r-- .const
  0000b340    0000b340    0000006c   0000006c    r-- .rodata
  0000b3b0    0000b3b0    00000344   00000344    r-- .cinit
0001e000    0001e000    00001000   00001000    r--
  0001e000    0001e000    00001000   00001000    r-- .snvSectors
0001ffa8    0001ffa8    00000058   00000058    r--
  0001ffa8    0001ffa8    00000058   00000058    r-- .ccfg
20000100    20000100    00001799   00000000    rw-
  20000100    20000100    00000044   00000000    rw- .data:ti_sysbios_knl_Task_Module__state__V
  20000144    20000144    00000034   00000000    rw- .data:ti_sysbios_family_arm_m3_Hwi_Module__state__V
  20000178    20000178    0000002c   00000000    rw- .data:ti_sysbios_knl_Clock_Module__state__V
  200001a4    200001a4    00000024   00000000    rw- .data:ti_sysbios_BIOS_Module__state__V
  200001c8    200001c8    0000001c   00000000    rw- .data:ti_sysbios_knl_Swi_Module__state__V
  200001e4    200001e4    00000008   00000000    rw- .data:ti_sysbios_family_arm_cc26xx_Timer_Module__state__V
  200001ec    200001ec    00000004   00000000    rw- .data:ti_sysbios_family_arm_cc26xx_TimestampProvider_Module__state__V
  200001f0    200001f0    00000008   00000000    rw- .data:xdc_runtime_Startup_Module__state__V
  200001f8    200001f8    00000008   00000000    rw- .data:xdc_runtime_System_Module__state__V
  20000200    20000200    00000004   00000000    rw- .data:xdc_runtime_Memory_Module__state__V
  20000204    20000204    00000002   00000000    rw- .data:xdc_runtime_Error_Module__state__V
  20000208    20000208    00000cf9   00000000    rw- .data
  20000f08    20000f08    00000991   00000000    rw- .bss
20004000    20004000    00000400   00000000    rw-
  20004000    20004000    00000400   00000000    rw- .stack


SECTION ALLOCATION MAP

 output                                  attributes/
section   page    origin      length       input sections
--------  ----  ----------  ----------   ----------------
.const:ti_sysbios_heaps_HeapMem_Module__FXNS__C 
*          0    00001000    00000028     
                  00001000    00000028     app_ble_pem3.oem3 (.const:ti_sysbios_heaps_HeapMem_Module__FXNS__C)

.const:ti_sysbios_gates_GateHwi_Module__FXNS__C 
*          0    00001028    00000024     
                  00001028    00000024     app_ble_pem3.oem3 (.const:ti_sysbios_gates_GateHwi_Module__FXNS__C)

.const:ti_sysbios_gates_GateMutex_Module__FXNS__C 
*          0    0000104c    00000024     
                  0000104c    00000024     app_ble_pem3.oem3 (.const:ti_sysbios_gates_GateMutex_Module__FXNS__C)

.const:ti_sysbios_family_arm_m3_Hwi_Object__DESC__C 
*          0    00001070    00000020     
                  00001070    00000020     app_ble_pem3.oem3 (.const:ti_sysbios_family_arm_m3_Hwi_Object__DESC__C)

.const:ti_sysbios_gates_GateHwi_Object__DESC__C 
*          0    00001090    00000020     
                  00001090    00000020     app_ble_pem3.oem3 (.const:ti_sysbios_gates_GateHwi_Object__DESC__C)

.const:ti_sysbios_gates_GateMutex_Object__DESC__C 
*          0    000010b0    00000020     
                  000010b0    00000020     app_ble_pem3.oem3 (.const:ti_sysbios_gates_GateMutex_Object__DESC__C)

.const:ti_sysbios_hal_Hwi_Object__DESC__C 
*          0    000010d0    00000020     
                  000010d0    00000020     app_ble_pem3.oem3 (.const:ti_sysbios_hal_Hwi_Object__DESC__C)

.const:ti_sysbios_heaps_HeapMem_Object__DESC__C 
*          0    000010f0    00000020     
                  000010f0    00000020     app_ble_pem3.oem3 (.const:ti_sysbios_heaps_HeapMem_Object__DESC__C)

.const:ti_sysbios_knl_Clock_Object__DESC__C 
*          0    00001110    00000020     
                  00001110    00000020     app_ble_pem3.oem3 (.const:ti_sysbios_knl_Clock_Object__DESC__C)

.const:ti_sysbios_knl_Event_Object__DESC__C 
*          0    00001130    00000020     
                  00001130    00000020     app_ble_pem3.oem3 (.const:ti_sysbios_knl_Event_Object__DESC__C)

.const:ti_sysbios_knl_Mailbox_Object__DESC__C 
*          0    00001150    00000020     
                  00001150    00000020     app_ble_pem3.oem3 (.const:ti_sysbios_knl_Mailbox_Object__DESC__C)

.const:ti_sysbios_knl_Queue_Object__DESC__C 
*          0    00001170    00000020     
                  00001170    00000020     app_ble_pem3.oem3 (.const:ti_sysbios_knl_Queue_Object__DESC__C)

.const:ti_sysbios_knl_Semaphore_Object__DESC__C 
*          0    00001190    00000020     
                  00001190    00000020     app_ble_pem3.oem3 (.const:ti_sysbios_knl_Semaphore_Object__DESC__C)

.const:ti_sysbios_knl_Swi_Object__DESC__C 
*          0    000011b0    00000020     
                  000011b0    00000020     app_ble_pem3.oem3 (.const:ti_sysbios_knl_Swi_Object__DESC__C)

.const:ti_sysbios_knl_Task_Object__DESC__C 
*          0    000011d0    00000020     
                  000011d0    00000020     app_ble_pem3.oem3 (.const:ti_sysbios_knl_Task_Object__DESC__C)

.const:ti_sysbios_knl_Idle_funcList__C 
*          0    000011f0    00000008     
                  000011f0    00000008     app_ble_pem3.oem3 (.const:ti_sysbios_knl_Idle_funcList__C)

.const:ti_sysbios_family_arm_cc26xx_Timer_startupNeeded__C 
*          0    000011f8    00000004     
                  000011f8    00000004     app_ble_pem3.oem3 (.const:ti_sysbios_family_arm_cc26xx_Timer_startupNeeded__C)

.const:ti_sysbios_family_arm_m3_Hwi_E_alreadyDefined__C 
*          0    000011fc    00000004     
                  000011fc    00000004     app_ble_pem3.oem3 (.const:ti_sysbios_family_arm_m3_Hwi_E_alreadyDefined__C)

.const:ti_sysbios_family_arm_m3_Hwi_E_hwiLimitExceeded__C 
*          0    00001200    00000004     
                  00001200    00000004     app_ble_pem3.oem3 (.const:ti_sysbios_family_arm_m3_Hwi_E_hwiLimitExceeded__C)

.const:ti_sysbios_family_arm_m3_Hwi_NUM_INTERRUPTS__C 
*          0    00001204    00000004     
                  00001204    00000004     app_ble_pem3.oem3 (.const:ti_sysbios_family_arm_m3_Hwi_NUM_INTERRUPTS__C)

.const:ti_sysbios_family_arm_m3_Hwi_Object__count__C 
*          0    00001208    00000004     
                  00001208    00000004     app_ble_pem3.oem3 (.const:ti_sysbios_family_arm_m3_Hwi_Object__count__C)

.const:ti_sysbios_family_arm_m3_Hwi_Object__table__C 
*          0    0000120c    00000004     
                  0000120c    00000004     app_ble_pem3.oem3 (.const:ti_sysbios_family_arm_m3_Hwi_Object__table__C)

.const:ti_sysbios_family_arm_m3_Hwi_ccr__C 
*          0    00001210    00000004     
                  00001210    00000004     app_ble_pem3.oem3 (.const:ti_sysbios_family_arm_m3_Hwi_ccr__C)

.const:ti_sysbios_family_arm_m3_Hwi_excHandlerFunc__C 
*          0    00001214    00000004     
                  00001214    00000004     app_ble_pem3.oem3 (.const:ti_sysbios_family_arm_m3_Hwi_excHandlerFunc__C)

.const:ti_sysbios_family_arm_m3_Hwi_nullIsrFunc__C 
*          0    00001218    00000004     
                  00001218    00000004     app_ble_pem3.oem3 (.const:ti_sysbios_family_arm_m3_Hwi_nullIsrFunc__C)

.const:ti_sysbios_family_arm_m3_Hwi_numSparseInterrupts__C 
*          0    0000121c    00000004     
                  0000121c    00000004     app_ble_pem3.oem3 (.const:ti_sysbios_family_arm_m3_Hwi_numSparseInterrupts__C)

.const:ti_sysbios_family_arm_m3_Hwi_priGroup__C 
*          0    00001220    00000004     
                  00001220    00000004     app_ble_pem3.oem3 (.const:ti_sysbios_family_arm_m3_Hwi_priGroup__C)

.const:ti_sysbios_family_arm_m3_TaskSupport_stackAlignment__C 
*          0    00001224    00000004     
                  00001224    00000004     app_ble_pem3.oem3 (.const:ti_sysbios_family_arm_m3_TaskSupport_stackAlignment__C)

.const:ti_sysbios_heaps_HeapMem_E_memory__C 
*          0    00001228    00000004     
                  00001228    00000004     app_ble_pem3.oem3 (.const:ti_sysbios_heaps_HeapMem_E_memory__C)

.const:ti_sysbios_heaps_HeapMem_Module__gateObj__C 
*          0    0000122c    00000004     
                  0000122c    00000004     app_ble_pem3.oem3 (.const:ti_sysbios_heaps_HeapMem_Module__gateObj__C)

.const:ti_sysbios_heaps_HeapMem_Object__count__C 
*          0    00001230    00000004     
                  00001230    00000004     app_ble_pem3.oem3 (.const:ti_sysbios_heaps_HeapMem_Object__count__C)

.const:ti_sysbios_heaps_HeapMem_Object__table__C 
*          0    00001234    00000004     
                  00001234    00000004     app_ble_pem3.oem3 (.const:ti_sysbios_heaps_HeapMem_Object__table__C)

.const:ti_sysbios_heaps_HeapMem_reqAlign__C 
*          0    00001238    00000004     
                  00001238    00000004     app_ble_pem3.oem3 (.const:ti_sysbios_heaps_HeapMem_reqAlign__C)

.const:ti_sysbios_knl_Clock_triggerClock__C 
*          0    0000123c    00000004     
                  0000123c    00000004     app_ble_pem3.oem3 (.const:ti_sysbios_knl_Clock_triggerClock__C)

.const:ti_sysbios_knl_Mailbox_Object__count__C 
*          0    00001240    00000004     
                  00001240    00000004     app_ble_pem3.oem3 (.const:ti_sysbios_knl_Mailbox_Object__count__C)

.const:ti_sysbios_knl_Mailbox_Object__table__C 
*          0    00001244    00000004     
                  00001244    00000004     app_ble_pem3.oem3 (.const:ti_sysbios_knl_Mailbox_Object__table__C)

.const:ti_sysbios_knl_Mailbox_maxTypeAlign__C 
*          0    00001248    00000004     
                  00001248    00000004     app_ble_pem3.oem3 (.const:ti_sysbios_knl_Mailbox_maxTypeAlign__C)

.const:ti_sysbios_knl_Queue_Object__count__C 
*          0    0000124c    00000004     
                  0000124c    00000004     app_ble_pem3.oem3 (.const:ti_sysbios_knl_Queue_Object__count__C)

.const:ti_sysbios_knl_Queue_Object__table__C 
*          0    00001250    00000004     
                  00001250    00000004     app_ble_pem3.oem3 (.const:ti_sysbios_knl_Queue_Object__table__C)

.const:ti_sysbios_knl_Semaphore_eventPost__C 
*          0    00001254    00000004     
                  00001254    00000004     app_ble_pem3.oem3 (.const:ti_sysbios_knl_Semaphore_eventPost__C)

.const:ti_sysbios_knl_Semaphore_eventSync__C 
*          0    00001258    00000004     
                  00001258    00000004     app_ble_pem3.oem3 (.const:ti_sysbios_knl_Semaphore_eventSync__C)

.const:ti_sysbios_knl_Swi_Object__count__C 
*          0    0000125c    00000004     
                  0000125c    00000004     app_ble_pem3.oem3 (.const:ti_sysbios_knl_Swi_Object__count__C)

.const:ti_sysbios_knl_Swi_Object__table__C 
*          0    00001260    00000004     
                  00001260    00000004     app_ble_pem3.oem3 (.const:ti_sysbios_knl_Swi_Object__table__C)

.const:ti_sysbios_knl_Swi_numPriorities__C 
*          0    00001264    00000004     
                  00001264    00000004     app_ble_pem3.oem3 (.const:ti_sysbios_knl_Swi_numPriorities__C)

.const:ti_sysbios_knl_Task_Object__count__C 
*          0    00001268    00000004     
                  00001268    00000004     app_ble_pem3.oem3 (.const:ti_sysbios_knl_Task_Object__count__C)

.const:ti_sysbios_knl_Task_Object__table__C 
*          0    0000126c    00000004     
                  0000126c    00000004     app_ble_pem3.oem3 (.const:ti_sysbios_knl_Task_Object__table__C)

.const:ti_sysbios_knl_Task_allBlockedFunc__C 
*          0    00001270    00000004     
                  00001270    00000004     app_ble_pem3.oem3 (.const:ti_sysbios_knl_Task_allBlockedFunc__C)

.const:ti_sysbios_knl_Task_defaultStackHeap__C 
*          0    00001274    00000004     
                  00001274    00000004     app_ble_pem3.oem3 (.const:ti_sysbios_knl_Task_defaultStackHeap__C)

.const:ti_sysbios_knl_Task_defaultStackSize__C 
*          0    00001278    00000004     
                  00001278    00000004     app_ble_pem3.oem3 (.const:ti_sysbios_knl_Task_defaultStackSize__C)

.const:ti_sysbios_knl_Task_numConstructedTasks__C 
*          0    0000127c    00000004     
                  0000127c    00000004     app_ble_pem3.oem3 (.const:ti_sysbios_knl_Task_numConstructedTasks__C)

.const:ti_sysbios_family_arm_cc26xx_Timer_Module__id__C 
*          0    00001280    00000002     
                  00001280    00000002     app_ble_pem3.oem3 (.const:ti_sysbios_family_arm_cc26xx_Timer_Module__id__C)

.const:ti_sysbios_family_arm_cc26xx_TimestampProvider_useClockTimer__C 
*          0    00001282    00000002     
                  00001282    00000002     app_ble_pem3.oem3 (.const:ti_sysbios_family_arm_cc26xx_TimestampProvider_useClockTimer__C)

.const:ti_sysbios_family_arm_m3_Hwi_Module__id__C 
*          0    00001284    00000002     
                  00001284    00000002     app_ble_pem3.oem3 (.const:ti_sysbios_family_arm_m3_Hwi_Module__id__C)

.const:ti_sysbios_gates_GateHwi_Module__id__C 
*          0    00001286    00000002     
                  00001286    00000002     app_ble_pem3.oem3 (.const:ti_sysbios_gates_GateHwi_Module__id__C)

.const:ti_sysbios_gates_GateMutex_Module__id__C 
*          0    00001288    00000002     
                  00001288    00000002     app_ble_pem3.oem3 (.const:ti_sysbios_gates_GateMutex_Module__id__C)

.const:ti_sysbios_heaps_HeapMem_Module__id__C 
*          0    0000128a    00000002     
                  0000128a    00000002     app_ble_pem3.oem3 (.const:ti_sysbios_heaps_HeapMem_Module__id__C)

.const:ti_sysbios_knl_Task_initStackFlag__C 
*          0    0000128c    00000002     
                  0000128c    00000002     app_ble_pem3.oem3 (.const:ti_sysbios_knl_Task_initStackFlag__C)

.const:ti_sysbios_knl_Clock_tickMode__C 
*          0    0000128e    00000001     
                  0000128e    00000001     app_ble_pem3.oem3 (.const:ti_sysbios_knl_Clock_tickMode__C)

.const:xdc_runtime_Startup_firstFxns__C 
*          0    00001290    00000008     
                  00001290    00000008     app_ble_pem3.oem3 (.const:xdc_runtime_Startup_firstFxns__C)

.const:xdc_runtime_Startup_lastFxns__C 
*          0    00001298    00000008     
                  00001298    00000008     app_ble_pem3.oem3 (.const:xdc_runtime_Startup_lastFxns__C)

.const:xdc_runtime_Assert_E_assertFailed__C 
*          0    000012a0    00000004     
                  000012a0    00000004     app_ble_pem3.oem3 (.const:xdc_runtime_Assert_E_assertFailed__C)

.const:xdc_runtime_Error_E_memory__C 
*          0    000012a4    00000004     
                  000012a4    00000004     app_ble_pem3.oem3 (.const:xdc_runtime_Error_E_memory__C)

.const:xdc_runtime_Error_policyFxn__C 
*          0    000012a8    00000004     
                  000012a8    00000004     app_ble_pem3.oem3 (.const:xdc_runtime_Error_policyFxn__C)

.const:xdc_runtime_Error_raiseHook__C 
*          0    000012ac    00000004     
                  000012ac    00000004     app_ble_pem3.oem3 (.const:xdc_runtime_Error_raiseHook__C)

.const:xdc_runtime_IGateProvider_Interface__BASE__C 
*          0    000012b0    00000004     
                  000012b0    00000004     app_ble_pem3.oem3 (.const:xdc_runtime_IGateProvider_Interface__BASE__C)

.const:xdc_runtime_IHeap_Interface__BASE__C 
*          0    000012b4    00000004     
                  000012b4    00000004     app_ble_pem3.oem3 (.const:xdc_runtime_IHeap_Interface__BASE__C)

.const:xdc_runtime_IModule_Interface__BASE__C 
*          0    000012b8    00000004     
                  000012b8    00000004     app_ble_pem3.oem3 (.const:xdc_runtime_IModule_Interface__BASE__C)

.const:xdc_runtime_Memory_defaultHeapInstance__C 
*          0    000012bc    00000004     
                  000012bc    00000004     app_ble_pem3.oem3 (.const:xdc_runtime_Memory_defaultHeapInstance__C)

.const:xdc_runtime_Startup_execImpl__C 
*          0    000012c0    00000004     
                  000012c0    00000004     app_ble_pem3.oem3 (.const:xdc_runtime_Startup_execImpl__C)

.const:xdc_runtime_Startup_maxPasses__C 
*          0    000012c4    00000004     
                  000012c4    00000004     app_ble_pem3.oem3 (.const:xdc_runtime_Startup_maxPasses__C)

.const:xdc_runtime_Startup_sfxnRts__C 
*          0    000012c8    00000004     
                  000012c8    00000004     app_ble_pem3.oem3 (.const:xdc_runtime_Startup_sfxnRts__C)

.const:xdc_runtime_Startup_sfxnTab__C 
*          0    000012cc    00000004     
                  000012cc    00000004     app_ble_pem3.oem3 (.const:xdc_runtime_Startup_sfxnTab__C)

.const:xdc_runtime_Startup_startModsFxn__C 
*          0    000012d0    00000004     
                  000012d0    00000004     app_ble_pem3.oem3 (.const:xdc_runtime_Startup_startModsFxn__C)

.const:xdc_runtime_SysCallback_abortFxn__C 
*          0    000012d4    00000004     
                  000012d4    00000004     app_ble_pem3.oem3 (.const:xdc_runtime_SysCallback_abortFxn__C)

.const:xdc_runtime_SysCallback_exitFxn__C 
*          0    000012d8    00000004     
                  000012d8    00000004     app_ble_pem3.oem3 (.const:xdc_runtime_SysCallback_exitFxn__C)

.const:xdc_runtime_System_abortFxn__C 
*          0    000012dc    00000004     
                  000012dc    00000004     app_ble_pem3.oem3 (.const:xdc_runtime_System_abortFxn__C)

.const:xdc_runtime_System_exitFxn__C 
*          0    000012e0    00000004     
                  000012e0    00000004     app_ble_pem3.oem3 (.const:xdc_runtime_System_exitFxn__C)

.const:xdc_runtime_System_maxAtexitHandlers__C 
*          0    000012e4    00000004     
                  000012e4    00000004     app_ble_pem3.oem3 (.const:xdc_runtime_System_maxAtexitHandlers__C)

.const:xdc_runtime_Text_charTab__C 
*          0    000012e8    00000004     
                  000012e8    00000004     app_ble_pem3.oem3 (.const:xdc_runtime_Text_charTab__C)

.const:xdc_runtime_Text_nameEmpty__C 
*          0    000012ec    00000004     
                  000012ec    00000004     app_ble_pem3.oem3 (.const:xdc_runtime_Text_nameEmpty__C)

.const:xdc_runtime_Text_nameStatic__C 
*          0    000012f0    00000004     
                  000012f0    00000004     app_ble_pem3.oem3 (.const:xdc_runtime_Text_nameStatic__C)

.const:xdc_runtime_Text_nameUnknown__C 
*          0    000012f4    00000004     
                  000012f4    00000004     app_ble_pem3.oem3 (.const:xdc_runtime_Text_nameUnknown__C)

.const:xdc_runtime_Error_maxDepth__C 
*          0    000012f8    00000002     
                  000012f8    00000002     app_ble_pem3.oem3 (.const:xdc_runtime_Error_maxDepth__C)

.const:xdc_runtime_Memory_Module__id__C 
*          0    000012fa    00000002     
                  000012fa    00000002     app_ble_pem3.oem3 (.const:xdc_runtime_Memory_Module__id__C)

.const:xdc_runtime_Text_charCnt__C 
*          0    000012fc    00000002     
                  000012fc    00000002     app_ble_pem3.oem3 (.const:xdc_runtime_Text_charCnt__C)

.const:xdc_runtime_Text_isLoaded__C 
*          0    000012fe    00000002     
                  000012fe    00000002     app_ble_pem3.oem3 (.const:xdc_runtime_Text_isLoaded__C)

.const:xdc_runtime_Error_policy__C 
*          0    00001300    00000001     
                  00001300    00000001     app_ble_pem3.oem3 (.const:xdc_runtime_Error_policy__C)

.const:ti_sysbios_rom_ROM_ti_sysbios_family_arm_cc26xx_Timer_getCount64__E 
*          0    00001304    00000004     
                  00001304    00000004     app_ble_pem3.oem3 (.const:ti_sysbios_rom_ROM_ti_sysbios_family_arm_cc26xx_Timer_getCount64__E)

.const:ti_sysbios_rom_ROM_ti_sysbios_family_arm_cc26xx_Timer_getCurrentTick__E 
*          0    00001308    00000004     
                  00001308    00000004     app_ble_pem3.oem3 (.const:ti_sysbios_rom_ROM_ti_sysbios_family_arm_cc26xx_Timer_getCurrentTick__E)

.const:ti_sysbios_rom_ROM_ti_sysbios_family_arm_cc26xx_Timer_getMaxTicks__E 
*          0    0000130c    00000004     
                  0000130c    00000004     app_ble_pem3.oem3 (.const:ti_sysbios_rom_ROM_ti_sysbios_family_arm_cc26xx_Timer_getMaxTicks__E)

.const:ti_sysbios_rom_ROM_ti_sysbios_family_arm_cc26xx_Timer_initDevice__I 
*          0    00001310    00000004     
                  00001310    00000004     app_ble_pem3.oem3 (.const:ti_sysbios_rom_ROM_ti_sysbios_family_arm_cc26xx_Timer_initDevice__I)

.const:ti_sysbios_rom_ROM_ti_sysbios_family_arm_cc26xx_Timer_setNextTick__E 
*          0    00001314    00000004     
                  00001314    00000004     app_ble_pem3.oem3 (.const:ti_sysbios_rom_ROM_ti_sysbios_family_arm_cc26xx_Timer_setNextTick__E)

.const:ti_sysbios_rom_ROM_ti_sysbios_family_arm_cc26xx_Timer_setThreshold__I 
*          0    00001318    00000004     
                  00001318    00000004     app_ble_pem3.oem3 (.const:ti_sysbios_rom_ROM_ti_sysbios_family_arm_cc26xx_Timer_setThreshold__I)

.const:ti_sysbios_rom_ROM_ti_sysbios_family_arm_cc26xx_Timer_start__E 
*          0    0000131c    00000004     
                  0000131c    00000004     app_ble_pem3.oem3 (.const:ti_sysbios_rom_ROM_ti_sysbios_family_arm_cc26xx_Timer_start__E)

.const:ti_sysbios_rom_ROM_ti_sysbios_family_arm_cc26xx_TimestampProvider_get32__E 
*          0    00001320    00000004     
                  00001320    00000004     app_ble_pem3.oem3 (.const:ti_sysbios_rom_ROM_ti_sysbios_family_arm_cc26xx_TimestampProvider_get32__E)

.const:ti_sysbios_rom_ROM_xdc_runtime_Startup_getState__I 
*          0    00001324    00000004     
                  00001324    00000004     app_ble_pem3.oem3 (.const:ti_sysbios_rom_ROM_xdc_runtime_Startup_getState__I)

.const:ti_sysbios_rom_ROM_xdc_runtime_System_SupportProxy_abort__E 
*          0    00001328    00000004     
                  00001328    00000004     app_ble_pem3.oem3 (.const:ti_sysbios_rom_ROM_xdc_runtime_System_SupportProxy_abort__E)

.const:ti_sysbios_rom_ROM_xdc_runtime_System_SupportProxy_exit__E 
*          0    0000132c    00000004     
                  0000132c    00000004     app_ble_pem3.oem3 (.const:ti_sysbios_rom_ROM_xdc_runtime_System_SupportProxy_exit__E)

.data:ti_sysbios_knl_Task_Module__state__V 
*          0    20000100    00000044     UNINITIALIZED
                  20000100    00000044     app_ble_pem3.oem3 (.data:ti_sysbios_knl_Task_Module__state__V)

.data:ti_sysbios_family_arm_m3_Hwi_Module__state__V 
*          0    20000144    00000034     UNINITIALIZED
                  20000144    00000034     app_ble_pem3.oem3 (.data:ti_sysbios_family_arm_m3_Hwi_Module__state__V)

.data:ti_sysbios_knl_Clock_Module__state__V 
*          0    20000178    0000002c     UNINITIALIZED
                  20000178    0000002c     app_ble_pem3.oem3 (.data:ti_sysbios_knl_Clock_Module__state__V)

.data:ti_sysbios_BIOS_Module__state__V 
*          0    200001a4    00000024     UNINITIALIZED
                  200001a4    00000024     app_ble_pem3.oem3 (.data:ti_sysbios_BIOS_Module__state__V)

.data:ti_sysbios_knl_Swi_Module__state__V 
*          0    200001c8    0000001c     UNINITIALIZED
                  200001c8    0000001c     app_ble_pem3.oem3 (.data:ti_sysbios_knl_Swi_Module__state__V)

.data:ti_sysbios_family_arm_cc26xx_Timer_Module__state__V 
*          0    200001e4    00000008     UNINITIALIZED
                  200001e4    00000008     app_ble_pem3.oem3 (.data:ti_sysbios_family_arm_cc26xx_Timer_Module__state__V)

.data:ti_sysbios_family_arm_cc26xx_TimestampProvider_Module__state__V 
*          0    200001ec    00000004     UNINITIALIZED
                  200001ec    00000004     app_ble_pem3.oem3 (.data:ti_sysbios_family_arm_cc26xx_TimestampProvider_Module__state__V)

.data:xdc_runtime_Startup_Module__state__V 
*          0    200001f0    00000008     UNINITIALIZED
                  200001f0    00000008     app_ble_pem3.oem3 (.data:xdc_runtime_Startup_Module__state__V)

.data:xdc_runtime_System_Module__state__V 
*          0    200001f8    00000008     UNINITIALIZED
                  200001f8    00000008     app_ble_pem3.oem3 (.data:xdc_runtime_System_Module__state__V)

.data:xdc_runtime_Memory_Module__state__V 
*          0    20000200    00000004     UNINITIALIZED
                  20000200    00000004     app_ble_pem3.oem3 (.data:xdc_runtime_Memory_Module__state__V)

.data:xdc_runtime_Error_Module__state__V 
*          0    20000204    00000002     UNINITIALIZED
                  20000204    00000002     app_ble_pem3.oem3 (.data:xdc_runtime_Error_Module__state__V)

.bootVecs 
*          0    00000000    00000008     DSECT
                  00000000    00000008     boot.aem3 : boot.oem3 (.bootVecs)

.resetVecs 
*          0    00000000    0000003c     
                  00000000    0000003c     app_ble_pem3.oem3 (.resetVecs)

.vecs      0    20000000    000000c8     NOLOAD SECTION
                  20000000    000000c8     app_ble_pem3.oem3 (.vecs)

xdc.meta   0    00000000    00000119     COPY SECTION
                  00000000    00000119     app_ble_pem3.oem3 (xdc.meta)

xdc.noload 
*          0    00000000    00000000     COPY SECTION

.cinit     0    0000b3b0    00000344     
                  0000b3b0    000001fd     (.cinit..data.load) [load image, compression = lzss]
                  0000b5ad    00000028     (.cinit..data:ti_sysbios_family_arm_m3_Hwi_Module__state__V.load) [load image, compression = lzss]
                  0000b5d5    00000021     (.cinit..data:ti_sysbios_knl_Task_Module__state__V.load) [load image, compression = lzss]
                  0000b5f6    0000001f     (.cinit..data:ti_sysbios_BIOS_Module__state__V.load) [load image, compression = lzss]
                  0000b615    0000001e     (.cinit..data:ti_sysbios_knl_Clock_Module__state__V.load) [load image, compression = lzss]
                  0000b633    00000010     (.cinit..data:ti_sysbios_knl_Swi_Module__state__V.load) [load image, compression = lzss]
                  0000b643    00000001     --HOLE-- [fill = 0]
                  0000b644    0000000c     (__TI_handler_table)
                  0000b650    0000000b     (.cinit..data:ti_sysbios_family_arm_cc26xx_Timer_Module__state__V.load) [load image, compression = lzss]
                  0000b65b    00000005     --HOLE-- [fill = 0]
                  0000b660    00000008     (.cinit..bss.load) [load image, compression = zero_init]
                  0000b668    00000008     (.cinit..data:xdc_runtime_Memory_Module__state__V.load) [load image, compression = lzss]
                  0000b670    00000007     (.cinit..data:ti_sysbios_family_arm_cc26xx_TimestampProvider_Module__state__V.load) [load image, compression = lzss]
                  0000b677    00000007     (.cinit..data:xdc_runtime_Startup_Module__state__V.load) [load image, compression = lzss]
                  0000b67e    00000007     (.cinit..data:xdc_runtime_System_Module__state__V.load) [load image, compression = lzss]
                  0000b685    00000006     (.cinit..data:xdc_runtime_Error_Module__state__V.load) [load image, compression = lzss]
                  0000b68b    00000001     --HOLE-- [fill = 0]
                  0000b68c    00000068     (__TI_cinit_table)

.init_array 
*          0    00000000    00000000     UNINITIALIZED

.snvSectors 
*          0    0001e000    00001000     
                  0001e000    00001000     simple_observer_cc2640r2lp_stack_library.lib : osal_snv_wrapper.obj (.snvSectors:retain)

.ccfg      0    0001ffa8    00000058     
                  0001ffa8    00000058     ccfg_app_ble.obj (.ccfg:retain)

.data      0    20000208    00000cf9     UNINITIALIZED
                  20000208    00000340     simple_observer.obj (.data:$O2$$)
                  20000548    000001f4     observer.obj (.data:$O9$$)
                  2000073c    00000114     drivers_cc26x0r2.aem3 : PINCC26XX.oem3 (.data:$O1$$)
                  20000850    00000114                           : PowerCC26XX.oem3 (.data:PowerCC26XX_module)
                  20000964    0000009c     icall.obj (.data:$O6$$)
                  20000a00    0000007c     simple_observer_cc2640r2lp_stack_library.lib : osal_cbtimer.obj (.data:$O16$$)
                  20000a7c    00000058     drivers_cc26x0r2.aem3 : CryptoResourceCC26XX.oem3 (.data:$O1$$)
                  20000ad4    00000054     cc26xx_gap_xxxo.a : gap_configmgr.o (.data)
                  20000b28    0000004c     app_ble_pem3.oem3 (.data:ti_sysbios_knl_Task_Object__table__V)
                  20000b74    00000048     board_key.obj (.data:$O1$$)
                  20000bbc    00000004     simple_observer_cc2640r2lp_stack_library.lib : osal_pwrmgr.obj (.data:$O13$$)
                  20000bc0    00000048     app_ble_pem3.oem3 (.data:ti_sysbios_family_arm_cc26xx_Timer_Object__table__V)
                  20000c08    00000038     cc2640_ctrlll_xxxo.a : ll_config.o (.data)
                  20000c40    00000038     app_ble_pem3.oem3 (.data:ti_sysbios_gates_GateMutex_Object__table__V)
                  20000c78    00000030     ble_user_config.obj (.data:rfRegTbl)
                  20000ca8    00000030     app_ble_pem3.oem3 (.data:ti_sysbios_knl_Swi_Module_State_0_readyQ__A)
                  20000cd8    00000030     app_ble_pem3.oem3 (.data:ti_sysbios_knl_Swi_Object__table__V)
                  20000d08    00000030     app_ble_pem3.oem3 (.data:ti_sysbios_knl_Task_Module_State_0_readyQ__A)
                  20000d38    0000002c     simple_observer_cc2640r2lp_stack_library.lib : osal.obj (.data:$O12$$)
                  20000d64    00000028     ECCROMCC26XX.obj (.data:$O3$$)
                  20000d8c    00000020     app_ble_pem3.oem3 (.data:ti_sysbios_knl_Clock_Object__table__V)
                  20000dac    00000020     app_ble_pem3.oem3 (.data:xdc_runtime_Error_IgnoreBlock)
                  20000dcc    00000018     app_ble_pem3.oem3 (.data:ti_sysbios_family_arm_m3_Hwi_Object__table__V)
                  20000de4    00000010     icall_user_config.obj (.data:bleAppServiceInfoTable)
                  20000df4    00000010     cc26xx_gap_xxxo.a : gap_centdevmgr.o (.data)
                  20000e04    00000010     icall_api_lite.obj (.data)
                  20000e14    00000010     ble_user_config.obj (.data:rfModeOverride)
                  20000e24    00000010     main.obj (.data:user0Cfg)
                  20000e34    0000000c     cc2640_ctrlll_xxxo.a : ll_data.o (.data)
                  20000e40    0000000c     app_ble_pem3.oem3 (.data:ti_sysbios_heaps_HeapCallback_Object__table__V)
                  20000e4c    00000008     simple_observer_cc2640r2lp_stack_library.lib : hal_assert.obj (.data:$O11$$)
                  20000e54    00000008                                                  : osal_clock.obj (.data:$O17$$)
                  20000e5c    00000008     rtsv7M3_T_le_eabi.lib : _lock.c.obj (.data:$O20$$)
                  20000e64    00000008     icall_cc2650.obj (.data:$O8$$)
                  20000e6c    00000008     app_ble_pem3.oem3 (.data:ti_sysbios_family_arm_m3_Hwi_Module__root__V)
                  20000e74    00000008     app_ble_pem3.oem3 (.data:ti_sysbios_gates_GateHwi_Module__root__V)
                  20000e7c    00000008     app_ble_pem3.oem3 (.data:ti_sysbios_gates_GateMutex_Module__root__V)
                  20000e84    00000008     app_ble_pem3.oem3 (.data:ti_sysbios_hal_Hwi_Module__root__V)
                  20000e8c    00000008     app_ble_pem3.oem3 (.data:ti_sysbios_heaps_HeapCallback_Module__root__V)
                  20000e94    00000008     app_ble_pem3.oem3 (.data:ti_sysbios_heaps_HeapMem_Module__root__V)
                  20000e9c    00000008     app_ble_pem3.oem3 (.data:ti_sysbios_knl_Clock_Module__root__V)
                  20000ea4    00000008     app_ble_pem3.oem3 (.data:ti_sysbios_knl_Event_Module__root__V)
                  20000eac    00000008     app_ble_pem3.oem3 (.data:ti_sysbios_knl_Mailbox_Module__root__V)
                  20000eb4    00000008     app_ble_pem3.oem3 (.data:ti_sysbios_knl_Queue_Module__root__V)
                  20000ebc    00000008     app_ble_pem3.oem3 (.data:ti_sysbios_knl_Semaphore_Module__root__V)
                  20000ec4    00000008     app_ble_pem3.oem3 (.data:ti_sysbios_knl_Swi_Module__root__V)
                  20000ecc    00000008     app_ble_pem3.oem3 (.data:ti_sysbios_knl_Task_Module__root__V)
                  20000ed4    00000008     app_ble_pem3.oem3 (.data:xdc_runtime_Registry_Module__state__V)
                  20000edc    00000004     simple_observer_cc2640r2lp_stack_library.lib : osal_snv_wrapper.obj (.data:$O18$$)
                  20000ee0    00000004     ble_user_config.obj (.data)
                  20000ee4    00000004     rtsv7M3_T_le_eabi.lib : stkdepth_vars.c.obj (.data)
                  20000ee8    00000004     simple_observer_cc2640r2lp_stack_library.lib : ble_user_config.obj (.data)
                  20000eec    00000004                                                  : osal_bufmgr.obj (.data)
                  20000ef0    00000004     app_ble_pem3.oem3 (.data:ti_sysbios_family_arm_m3_Hwi_Module_State_0_excContext__A)
                  20000ef4    00000004     app_ble_pem3.oem3 (.data:ti_sysbios_family_arm_m3_Hwi_Module_State_0_excStack__A)
                  20000ef8    00000004     app_ble_pem3.oem3 (.data:ti_sysbios_knl_Task_Module_State_0_idleTask__A)
                  20000efc    00000002     app_ble_pem3.oem3 (.data:ti_sysbios_family_arm_m3_Hwi_Module_State_0_excActive__A)
                  20000efe    00000001     TRNGCC26XX.obj (.data)
                  20000eff    00000001     drivers_cc26x0r2.aem3 : CryptoCC26XX.oem3 (.data)
                  20000f00    00000001                           : UART.oem3 (.data)

.bss       0    20000f08    00000991     UNINITIALIZED
                  20000f08    000003a0     RFCC26XX_singleMode.obj (.bss:$O5$$)
                  200012a8    00000200     app_ble_pem3.oem3 (.bss:taskStackSection)
                  200014a8    0000012c     (.common:uartCC26XXObjects)
                  200015d4    000000c8     (.common:ti_sysbios_family_arm_m3_Hwi_dispatchTable)
                  2000169c    00000080     board.obj (.bss:uartStringBuf$12)
                  2000171c    00000004     cc2640_ctrlll_xxxo.a : ll.o (.bss)
                  20001720    00000078                          : ll.o (.bss)
                  20001798    0000002c     (.common:cryptoCC26XXObjects)
                  200017c4    00000028                          : ll_scan_end_causes.o (.bss)
                  200017ec    00000020     (.common:uartCC26XXRingBuffer)
                  2000180c    00000014     RFCC26XX_singleMode.obj (.bss:RF_ratSyncCmd$4)
                  20001820    00000014     driverlib.lib : osc.obj (.bss:oscHfGlobals$56)
                  20001834    00000010     util.obj (.bss:str$1$2)
                  20001844    0000000c     simple_observer_cc2640r2lp_stack_library.lib : osal_timers.obj (.bss:$O14$$)
                  20001850    0000000c     cc2640_ctrlll_xxxo.a : ll_scheduler.o (.bss)
                  2000185c    0000000c     (.common:displayUartObject)
                  20001868    00000008     dpl_cc26x0r2.aem3 : PowerCC26XX_tirtos.oem3 (.bss:$O1$$)
                  20001870    00000008     cc2640_ctrlll_xxxo.a : ll_common.o (.bss)
                  20001878    00000008     driverlib.lib : sys_ctrl.obj (.bss:powerQualGlobals$58)
                  20001880    00000004     cc2640_ctrlll_xxxo.a : ll_common.o (.bss)
                  20001884    00000004     (.common:ClockP_tickPeriod)
                  20001888    00000004     (.common:tasksEvents)
                  2000188c    00000004     (.common:trngCC26XXObjects)
                  20001890    00000001     RFCC26XX_singleMode.obj (.bss)
                  20001891    00000001     cc26xx_hci_tl_none.a : hci_tl.o (.bss)
                  20001892    00000001                          : hci_tl.o (.bss)
                  20001893    00000001                          : hci_tl.o (.bss)
                  20001894    00000001                          : hci_tl.o (.bss)
                  20001895    00000001                          : hci_tl.o (.bss)
                  20001896    00000001     drivers_cc26x0r2.aem3 : CryptoCC26XX.oem3 (.bss)
                  20001897    00000001     (.common:driverlib_release_0_56023)
                  20001898    00000001     (.common:icall_liteTaskId)

.vtable    0    20001899    00000000     UNINITIALIZED

.vtable_ram 
*          0    20001899    00000000     UNINITIALIZED

vtable_ram 
*          0    20001899    00000000     UNINITIALIZED

.sysmem    0    20001899    00000000     UNINITIALIZED

.nonretenvar 
*          0    20001899    00000000     UNINITIALIZED

.stack     0    20004000    00000400     UNINITIALIZED
                  20004000    00000400     --HOLE--

.text.1    0    0000003c    00000fc4     
                  0000003c    00000410     simple_observer_cc2640r2lp_stack_library.lib : icall_startup.obj (.text:startup_entry)
                  0000044c    00000008     ble_r2.symbols (.tramp.GAP_Init.1)
                  00000454    00000320     cc2640_ctrlll_xxxo.a : ll.o (.text)
                  00000774    00000008     ble_r2.symbols (.tramp.LL_PRIV_GenerateRSA.1)
                  0000077c    00000008     ble_r2.symbols (.tramp.LL_ENC_Init.1)
                  00000784    00000320     rom_sysbios.aem3 : rom_sysbios.obj (.text:xdc_runtime_System_doPrint__I)
                  00000aa4    00000314     drivers_cc26x0r2.aem3 : PowerCC26XX_calibrateRCOSC.oem3 (.text:PowerCC26XX_auxISR)
                  00000db8    0000022c                           : PowerCC26XX.oem3 (.text:Power_sleep)
                  00000fe4    00000008     (.tramp.ti_sysbios_knl_Swi_restore__E.1)
                  00000fec    00000014     board_key.obj (.text:Board_keyChangeHandler$0)

.text.2    0    00001330    00009088     
                  00001330    00000304     simple_observer.obj (.text:SimpleObserver_taskFxn$1)
                  00001634    000002d4     RFCC26XX_singleMode.obj (.text:RF_fsmActiveState$4)
                  00001908    0000027c     drivers_cc26x0r2.aem3 : CryptoCC26XX.oem3 (.text:cryptoTransactionExecute)
                  00001b84    00000220     driverlib.lib : sys_ctrl.obj (.text:NOROM_SysCtrlSetRechargeBeforePowerDown)
                  00001da4    0000020c     RFCC26XX_singleMode.obj (.text:RF_open)
                  00001fb0    000001e8     RFCC26XX_singleMode.obj (.text:RF_fsmSetupState$4)
                  00002198    000001e0     ECCROMCC26XX.obj (.text:ECC_VerifyPublicKeyWeierstrass$3)
                  00002378    000001b0     drivers_cc26x0r2.aem3 : PINCC26XX.oem3 (.text:PIN_init)
                  00002528    000001a4     ECCROMCC26XX.obj (.text:ECCROMCC26XX_genDHKey)
                  000026cc    00000190     drivers_cc26x0r2.aem3 : PowerCC26XX_calibrateRCOSC.oem3 (.text:PowerCC26XX_doCalibrate)
                  0000285c    00000190     icall.obj (.text:icall_directAPI)
                  000029ec    00000188     cc2640_ctrlll_xxxo.a : ll_isr.o (.text)
                  00002b74    00000170                          : ll_isr.o (.text)
                  00002ce4    00000168     simple_observer.obj (.text:SimpleObserver_processStackMsg$1)
                  00002e4c    0000015c     drivers_cc26x0r2.aem3 : UARTCC26XX.oem3 (.text:UARTCC26XX_open)
                  00002fa8    00000148                           : UARTCC26XX.oem3 (.text:UARTCC26XX_hwiIntFxn)
                  000030f0    00000140     main.obj (.text:AssertHandler)
                  00003230    0000013c     cc2640_ctrlll_xxxo.a : ll.o (.text)
                  0000336c    00000136     drivers_cc26x0r2.aem3 : UARTCC26XX.oem3 (.text:UARTCC26XX_read)
                  000034a2    00000002     ble_user_config.obj (.text:DefaultAssertCback)
                  000034a4    0000012c     drivers_cc26x0r2.aem3 : PowerCC26XX.oem3 (.text:Power_init)
                  000035d0    00000128     ECCROMCC26XX.obj (.text:ECCROMCC26XX_genKeys)
                  000036f8    00000128     cc2640_ctrlll_xxxo.a : ll_scheduler.o (.text)
                  00003820    00000114     simple_observer_cc2640r2lp_stack_library.lib : osal_snv_wrapper.obj (.text:compactPage$33)
                  00003934    00000106     app_ble_pem3.oem3 (.text:xdc_runtime_System_printfExtend__I)
                  00003a3a    00000002     display.aem3 : DisplayUart.oem3 (.text:DisplayUartAnsi_init)
                  00003a3c    00000104     cc26xx_gap_xxxo.a : gap_centdevmgr.o (.text)
                  00003b40    000000f8     cc2640_ctrlll_xxxo.a : ll_scan_end_causes.o (.text)
                  00003c38    000000f0     drivers_cc26x0r2.aem3 : PINCC26XX.oem3 (.text:PINCC26XX_setIoCfg)
                  00003d28    000000f0     RFCC26XX_singleMode.obj (.text:RF_radioOpDoneCb$4)
                  00003e18    000000e8     dpl_cc26x0r2.aem3 : PowerCC26XX_tirtos.oem3 (.text:PowerCC26XX_standbyPolicy)
                  00003f00    000000e8     simple_observer_cc2640r2lp_stack_library.lib : osal_timers.obj (.text:osalTimerUpdate)
                  00003fe8    000000e2     drivers_cc26x0r2.aem3 : UARTCC26XX.oem3 (.text:UARTCC26XX_write)
                  000040ca    00000002     icall.obj (.text:ICall_abort)
                  000040cc    000000d8     cc26xx_gap_xxxo.a : gap_centdevmgr.o (.text)
                  000041a4    000000d4     RFCC26XX_singleMode.obj (.text:RF_pendCmd)
                  00004278    000000d4     cc2640_ctrlll_xxxo.a : ll.o (.text)
                  0000434c    000000cc     RFCC26XX_singleMode.obj (.text:RF_postCmd)
                  00004418    000000cc     RFCC26XX_singleMode.obj (.text:RF_swiHw$4)
                  000044e4    000000cc     cc2640_ctrlll_xxxo.a : ll_scan_end_causes.o (.text)
                  000045b0    000000c4     RFCC26XX_singleMode.obj (.text:RF_control)
                  00004674    000000c0     RFCC26XX_singleMode.obj (.text:RF_fsmPowerUpState$4)
                  00004734    000000c0     simple_observer_cc2640r2lp_stack_library.lib : osal.obj (.text:osal_set_event)
                  000047f4    000000bc     drivers_cc26x0r2.aem3 : PowerCC26XX.oem3 (.text:Power_releaseDependency)
                  000048b0    000000b8     driverlib.lib : setup.obj (.text:NOROM_SetupTrimDevice)
                  00004968    000000b4     drivers_cc26x0r2.aem3 : PowerCC26XX.oem3 (.text:Power_setDependency)
                  00004a1c    000000b4     main.obj (.text:main)
                  00004ad0    000000b0     TRNGCC26XX.obj (.text:TRNGCC26XX_getNumber)
                  00004b80    000000ac     display.aem3 : DisplayUart.oem3 (.text:DisplayUartAnsi_clearLines)
                  00004c2c    000000ac     RFCC26XX_singleMode.obj (.text:RF_abortCmd$4)
                  00004cd8    000000a7     display.aem3 : DisplayUart.oem3 (.text:DisplayUartAnsi_open)
                  00004d7f    00000001     --HOLE-- [fill = 0]
                  00004d80    000000a6     rom_sysbios.aem3 : rom_sysbios.obj (.text:xdc_runtime_Text_putSite__E)
                  00004e26    00000002     simple_observer_cc2640r2lp_stack_library.lib : onboard.obj (.text:Onboard_soft_reset)
                  00004e28    000000a4     RFCC26XX_singleMode.obj (.text:RF_ratRestartChannels$4)
                  00004ecc    000000a4     simple_observer_cc2640r2lp_stack_library.lib : osal.obj (.text:osal_msg_enqueue_push$19)
                  00004f70    000000a4     drivers_cc26x0r2.aem3 : PowerCC26XX.oem3 (.text:switchXOSCHFclockFunc)
                  00005014    000000a0                           : PINCC26XX.oem3 (.text:PIN_open)
                  000050b4    000000a0     auto_init.aem3 : auto_init.oem3 (.text)
                  00005154    000000a0     simple_observer_cc2640r2lp_stack_library.lib : osal_timers.obj (.text:osal_timer_refTimeUpdate)
                  000051f4    0000009f     display.aem3 : DisplayUart.oem3 (.text:DisplayUartAnsi_vprintf)
                  00005293    00000001     --HOLE-- [fill = 0]
                  00005294    0000009c     RFCC26XX_singleMode.obj (.text:RF_calculateDispatchTime$4)
                  00005330    0000009c     simple_observer_cc2640r2lp_stack_library.lib : osal_cbtimer.obj (.text:cbTimerSetup$31)
                  000053cc    0000009c                                                  : osal_cbtimer.obj (.text:osal_CbTimerProcessEvent)
                  00005468    0000009c     rtsv7M3_T_le_eabi.lib : memcpy_t2.asm.obj (.text)
                  00005504    00000098     drivers_cc26x0r2.aem3 : UARTCC26XX.oem3 (.text:UARTCC26XX_initHw)
                  0000559c    00000098                           : UARTCC26XX.oem3 (.text:UARTCC26XX_initIO)
                  00005634    00000098     rom_sysbios.aem3 : rom_sysbios.obj (.text:ti_sysbios_knl_Clock_workFuncDynamic__E)
                  000056cc    00000096     rtsv7M3_T_le_eabi.lib : ull_div_t2.asm.obj (.text)
                  00005762    00000002     RFCC26XX_singleMode.obj (.text:RF_defaultCallback$4)
                  00005764    00000094     drivers_cc26x0r2.aem3 : CryptoCC26XX.oem3 (.text:CryptoCC26XX_allocateKey)
                  000057f8    00000094     icall.obj (.text:ICall_setTimer)
                  0000588c    00000094     driverlib.lib : crypto.obj (.text:NOROM_CRYPTOAesLoadKey)
                  00005920    00000094     cc26xx_gap_xxxo.a : gap_centdevmgr.o (.text)
                  000059b4    00000090     drivers_cc26x0r2.aem3 : CryptoCC26XX.oem3 (.text:CryptoCC26XX_open)
                  00005a44    00000090     driverlib.lib : setup.obj (.text:TrimAfterColdResetWakeupFromShutDown$16)
                  00005ad4    00000090     cc2640_ctrlll_xxxo.a : ll_scan_end_causes.o (.text)
                  00005b64    00000090     simple_observer_cc2640r2lp_stack_library.lib : osal.obj (.text:osal_msg_receive)
                  00005bf4    00000090     rom_sysbios.aem3 : rom_sysbios.obj (.text:ti_sysbios_family_arm_cc26xx_Timer_start__E)
                  00005c84    0000008e     drivers_cc26x0r2.aem3 : UARTCC26XX.oem3 (.text:UARTCC26XX_writeCancel)
                  00005d12    00000002     rtsv7M3_T_le_eabi.lib : _lock.c.obj (.text:_nop)
                  00005d14    0000008c     icall.obj (.text:ICall_heapMalloc)
                  00005da0    0000008c     observer.obj (.text:gapObserverRole_taskFxn$11)
                  00005e2c    00000088     cc2640_ctrlll_xxxo.a : ll_scheduler.o (.text)
                  00005eb4    00000084     drivers_cc26x0r2.aem3 : UARTCC26XX.oem3 (.text:UARTCC26XX_close)
                  00005f38    00000080     RFCC26XX_singleMode.obj (.text:RF_dispatchNextCmd$4)
                  00005fb8    00000080     RFCC26XX_singleMode.obj (.text:RF_ratFreeChannel$4)
                  00006038    00000080     drivers_cc26x0r2.aem3 : UARTCC26XX.oem3 (.text:writeTxFifoFlush)
                  000060b8    0000007c     RFCC26XX_singleMode.obj (.text:RF_hwiCpe0Active$4)
                  00006134    0000007c     cc2640_ctrlhci_xxxo.a : hci_event.o (.text)
                  000061b0    0000007c     cc2640_ctrlll_xxxo.a : ll_scheduler.o (.text)
                  0000622c    0000007c     cc26xx_gap_xxxo.a : gap_centdevmgr.o (.text)
                  000062a8    0000007c     simple_observer_cc2640r2lp_stack_library.lib : osal.obj (.text:osal_event_send$19)
                  00006324    0000007a     rtsv7M3_T_le_eabi.lib : memset_t2.asm.obj (.text)
                  0000639e    00000002     drivers_cc26x0r2.aem3 : PowerCC26XX.oem3 (.text:emptyClockFunc)
                  000063a0    00000074     simple_observer_cc2640r2lp_stack_library.lib : osal_snv_wrapper.obj (.text:writeWord$33)
                  00006414    00000074     rom_sysbios.aem3 : rom_sysbios.obj (.text:xdc_runtime_Text_putMod__E)
                  00006488    00000072     cc2640_ctrlll_xxxo.a : ll_common.o (.text)
                  000064fa    00000002     drivers_cc26x0r2.aem3 : CryptoResourceCC26XX.oem3 (.text:errorSpin)
                  000064fc    00000070     icall.obj (.text:ICall_heapGetStats)
                  0000656c    00000070     icall.obj (.text:ICall_heapInit)
                  000065dc    00000070     driverlib.lib : sys_ctrl.obj (.text:NOROM_SysCtrlAdjustRechargeAfterPowerDown)
                  0000664c    00000070     simple_observer_cc2640r2lp_stack_library.lib : ble_dispatch_lite.obj (.text:ble_dispatch_liteProcess)
                  000066bc    00000070     cc2640_ctrlll_xxxo.a : ll.o (.text)
                  0000672c    00000070                          : ll_scheduler.o (.text)
                  0000679c    00000070     cc26xx_hci_tl_none.a : hci_tl.o (.text)
                  0000680c    00000070     drivers_cc26x0r2.aem3 : PowerCC26XX.oem3 (.text:lfClockReadyCallback)
                  0000687c    0000006d     rom_sysbios.aem3 : rom_sysbios.obj (.text:xdc_runtime_System_formatNum__I)
                  000068e9    00000001     --HOLE-- [fill = 0]
                  000068ea    00000002     simple_observer_cc2640r2lp_stack_library.lib : hal_assert.obj (.text:halAssertHandler)
                  000068ec    0000006c     icall.obj (.text:ICall_send)
                  00006958    0000006c     icall.obj (.text:ICall_sendServiceComplete)
                  000069c4    0000006c     driverlib.lib : osc.obj (.text:NOROM_OSCHF_AttemptToSwitchToXosc)
                  00006a30    0000006c     drivers_cc26x0r2.aem3 : PowerCC26XX_calibrateRCOSC.oem3 (.text:PowerCC26XX_initiateCalibration)
                  00006a9c    0000006c     cc26xx_gap_xxxo.a : gap_centdevmgr.o (.text)
                  00006b08    0000006c     drivers_cc26x0r2.aem3 : PowerCC26XX.oem3 (.text:configureXOSCHF)
                  00006b74    00000068                           : CryptoCC26XX.oem3 (.text:CryptoCC26XX_loadKey)
                  00006bdc    00000068     driverlib.lib : sys_ctrl.obj (.text:NOROM_SysCtrl_DCDC_VoltageConditionalControl)
                  00006c44    00000068     RFCC26XX_singleMode.obj (.text:RF_getCurrentTime)
                  00006cac    00000068     RFCC26XX_singleMode.obj (.text:RF_hwiHw$4)
                  00006d14    00000068     rtsv7M3_T_le_eabi.lib : copy_decompress_lzss.c.obj (.text:decompress:lzss:__TI_decompress_lzss)
                  00006d7c    00000068     simple_observer_cc2640r2lp_stack_library.lib : osal_cbtimer.obj (.text:osal_CbTimerUpdate)
                  00006de4    00000060     icall.obj (.text:ICall_createRemoteTasksAtRuntime)
                  00006e44    00000060     icall.obj (.text:ICall_enrollService)
                  00006ea4    00000060     drivers_cc26x0r2.aem3 : PowerCC26XX.oem3 (.text:PowerCC26XX_calibrate)
                  00006f04    00000060     RFCC26XX_singleMode.obj (.text:RF_dispatchNextEvent$4)
                  00006f64    0000005f     rom_sysbios.aem3 : rom_sysbios.obj (.text:xdc_runtime_Text_putLab__E)
                  00006fc3    00000001     --HOLE-- [fill = 0]
                  00006fc4    0000005e     icall.obj (.text:ICall_fetchMsg)
                  00007022    0000005e     drivers_cc26x0r2.aem3 : UARTCC26XX.oem3 (.text:UARTCC26XX_swiIntFxn)
                  00007080    0000005c                           : CryptoResourceCC26XX.oem3 (.text:CryptoResourceCC26XX_constructRTOSObjects)
                  000070dc    0000005c     display.aem3 : Display.oem3 (.text:Display_doOpen)
                  00007138    0000005c     icall.obj (.text:ICall_pwrUpdActivityCounter)
                  00007194    0000005c     drivers_cc26x0r2.aem3 : PowerCC26XX_calibrateRCOSC.oem3 (.text:PowerCC26XX_RCOSC_clockFunc)
                  000071f0    0000005c     RFCC26XX_singleMode.obj (.text:RF_cmdDispatchTime$4)
                  0000724c    0000005c     RFCC26XX_singleMode.obj (.text:RF_hwiCpe0PowerFsm$4)
                  000072a8    0000005c     app_ble_pem3.oem3 (.text:xdc_runtime_Startup_getState__I)
                  00007304    0000005a     RFCC26XX_singleMode.obj (.text:RF_syncCb$4)
                  0000735e    00000058     icall.obj (.text:ICall_wait)
                  000073b6    00000002     simple_observer_cc2640r2lp_stack_library.lib : hal_assert.obj (.text:halAssertSpinlock)
                  000073b8    00000058     drivers_cc26x0r2.aem3 : PINCC26XX.oem3 (.text:PIN_remove)
                  00007410    00000058     RFCC26XX_singleMode.obj (.text:RF_fsmXOSCState$4)
                  00007468    00000058     RFCC26XX_singleMode.obj (.text:RF_getInfo)
                  000074c0    00000058     drivers_cc26x0r2.aem3 : UARTCC26XX.oem3 (.text:UARTCC26XX_control)
                  00007518    00000058     cc26xx_gap_xxxo.a : gap_centdevmgr.o (.text)
                  00007570    00000058     simple_observer_cc2640r2lp_stack_library.lib : osal_cbtimer.obj (.text:osal_CbTimerStop)
                  000075c8    00000054     RFCC26XX_singleMode.obj (.text:RF_discardPendCmd$4)
                  0000761c    00000050     dpl_cc26x0r2.aem3 : ClockP_tirtos.oem3 (.text:ClockP_construct)
                  0000766c    00000050     ECCROMCC26XX.obj (.text:ECCROMCC26XX_Params_init)
                  000076bc    00000050     icall.obj (.text:ICall_registerApp)
                  0000770c    00000050     simple_observer.obj (.text:SimpleObserver_enqueueMsg$1)
                  0000775c    00000050     util.obj (.text:Util_convertBdAddr2Str)
                  000077ac    00000050     cc26xx_gap_xxxo.a : gap_centdevmgr.o (.text)
                  000077fc    00000050     drivers_cc26x0r2.aem3 : UARTCC26XX.oem3 (.text:startTxFifoEmptyClk)
                  0000784c    0000004c     icall.obj (.text:ICall_newTask$6)
                  00007898    0000004c     RFCC26XX_singleMode.obj (.text:RF_wakeupNotification$4)
                  000078e4    0000004c     cc26xx_gap_xxxo.a : gap_centdevmgr.o (.text)
                  00007930    0000004c     rtsv7M3_T_le_eabi.lib : cpy_tbl.c.obj (.text:copy_in)
                  0000797c    0000004c     simple_observer_cc2640r2lp_stack_library.lib : osal_bufmgr.obj (.text:osal_bm_free)
                  000079c8    0000004a     drivers_cc26x0r2.aem3 : UARTCC26XX.oem3 (.text:UARTCC26XX_readCancel)
                  00007a12    00000002     icall_api_lite.obj (.text:rfErrCb)
                  00007a14    00000048     ECCROMCC26XX.obj (.text:ECC_initGlobals$3)
                  00007a5c    00000048     drivers_cc26x0r2.aem3 : PINCC26XX.oem3 (.text:PIN_setOutputEnable)
                  00007aa4    00000048     util.obj (.text:Util_constructClock)
                  00007aec    00000048     simple_observer_cc2640r2lp_stack_library.lib : osal_timers.obj (.text:osalAddTimer)
                  00007b34    00000048     rom_sysbios.aem3 : rom_sysbios.obj (.text:ti_sysbios_family_arm_cc26xx_Timer_setThreshold__I)
                  00007b7c    00000048     drivers_cc26x0r2.aem3 : UARTCC26XX.oem3 (.text:writeFinishedDoCallback)
                  00007bc4    00000044     driverlib.lib : osc.obj (.text:NOROM_OSCHF_SwitchToRcOscTurnOffXosc)
                  00007c08    00000044     drivers_cc26x0r2.aem3 : RingBuf.oem3 (.text:RingBuf_put)
                  00007c4c    00000044     boot.aem3 : boot.oem3 (.text)
                  00007c90    00000044     cc2640_ctrlll_xxxo.a : ll_scheduler.o (.text)
                  00007cd4    00000044     cc26xx_gap_xxxo.a : gap_centdevmgr.o (.text)
                  00007d18    00000044     simple_observer_cc2640r2lp_stack_library.lib : osal_snv_wrapper.obj (.text:erasePage$33)
                  00007d5c    00000044                                                  : osal_timers.obj (.text:osal_start_timerEx)
                  00007da0    00000044     rom_sysbios.aem3 : rom_sysbios.obj (.text:xdc_runtime_Text_xprintf__I)
                  00007de4    00000040     ECCROMCC26XX.obj (.text:ECCROMCC26XX_init)
                  00007e24    00000040     drivers_cc26x0r2.aem3 : PINCC26XX.oem3 (.text:PIN_swi)
                  00007e64    00000040                           : PowerCC26XX.oem3 (.text:PowerCC26XX_isStableXOSC_HF)
                  00007ea4    00000040                           : UART.oem3 (.text:UART_init)
                  00007ee4    00000040                           : UART.oem3 (.text:UART_open)
                  00007f24    00000040     cc26xx_gap_xxxo.a : gap_centdevmgr.o (.text)
                  00007f64    00000040     rtsv7M3_T_le_eabi.lib : u_divt2.asm.obj (.text)
                  00007fa4    00000040     rom_sysbios.aem3 : rom_sysbios.obj (.text:ti_sysbios_heaps_HeapCallback_Module_startup__E)
                  00007fe4    0000003e     dpl_cc26x0r2.aem3 : HwiP_tirtos.oem3 (.text:HwiP_construct)
                  00008022    0000003e     drivers_cc26x0r2.aem3 : RingBuf.oem3 (.text:RingBuf_get)
                  00008060    0000003c     observer.obj (.text:GAPObserverRole_createTask)
                  0000809c    0000003c     driverlib.lib : osc.obj (.text:NOROM_OSC_HPOSCRelativeFrequencyOffsetGet)
                  000080d8    0000003c     RFCC26XX_singleMode.obj (.text:RF_cmdStoreEvents$4)
                  00008114    0000003c     simple_observer.obj (.text:SimpleObserver_createTask)
                  00008150    0000003c     dpl_cc26x0r2.aem3 : SwiP_tirtos.oem3 (.text:SwiP_construct)
                  0000818c    0000003c     cc2640_ctrlll_xxxo.a : ll_common.o (.text)
                  000081c8    0000003c                          : ll_scheduler.o (.text)
                  00008204    0000003c     cc26xx_gap_xxxo.a : gap_centdevmgr.o (.text)
                  00008240    0000003c     cc26xx_hci_tl_none.a : hci_tl.o (.text)
                  0000827c    0000003c     drivers_cc26x0r2.aem3 : PowerCC26XX.oem3 (.text:disableLfClkQualifiersEnableClkLoss)
                  000082b8    0000003c     simple_observer_cc2640r2lp_stack_library.lib : osal_bufmgr.obj (.text:osal_bm_alloc)
                  000082f4    0000003c                                                  : osal_timers.obj (.text:osal_start_reload_timer)
                  00008330    0000003c     rom_sysbios.aem3 : rom_sysbios.obj (.text:ti_sysbios_family_arm_m3_Hwi_construct2__E)
                  0000836c    00000038     board_key.obj (.text:Board_keyCallback$0)
                  000083a4    00000038     drivers_cc26x0r2.aem3 : PINCC26XX.oem3 (.text:PIN_setConfig)
                  000083dc    00000038                           : PINCC26XX.oem3 (.text:PIN_setOutputValue)
                  00008414    00000038     RFCC26XX_singleMode.obj (.text:RF_checkCmdFsError$4)
                  0000844c    00000038     RFCC26XX_singleMode.obj (.text:RF_powerConstraintRelease)
                  00008484    00000038     simple_observer_cc2640r2lp_stack_library.lib : osal_bufmgr.obj (.text:bm_desc_from_payload$30)
                  000084bc    00000038     cc2640_ctrlll_xxxo.a : ll_isr.o (.text)
                  000084f4    00000038                          : ll_scheduler.o (.text)
                  0000852c    00000038                          : ll_scheduler.o (.text)
                  00008564    00000038     cc26xx_gap_xxxo.a : gap_centdevmgr.o (.text)
                  0000859c    00000038     simple_observer_cc2640r2lp_stack_library.lib : osal_snv_wrapper.obj (.text:disableCache$33)
                  000085d4    00000038                                                  : osal.obj (.text:osal_alien2proxy)
                  0000860c    00000038                                                  : osal.obj (.text:osal_msec_timer_cback$19)
                  00008644    00000038                                                  : osal_timers.obj (.text:osal_stop_timerEx)
                  0000867c    00000038     rom_sysbios.aem3 : rom_sysbios.obj (.text:ti_sysbios_family_arm_cc26xx_Timer_getCurrentTick__E)
                  000086b4    00000036                      : rom_sysbios.obj (.text:ti_sysbios_family_arm_cc26xx_Timer_setNextTick__E)
                  000086ea    00000002     rtsv7M3_T_le_eabi.lib : div0.asm.obj (.text)
                  000086ec    00000034     icall.obj (.text:ICall_getLocalMsgEntityId)
                  00008720    00000034     icall.obj (.text:ICall_heapFree)
                  00008754    00000034     icall.obj (.text:ICall_primEntityId2ServiceId$6)
                  00008788    00000034     icall.obj (.text:ICall_searchServiceEntity)
                  000087bc    00000034     drivers_cc26x0r2.aem3 : PowerCC26XX.oem3 (.text:Power_releaseConstraint)
                  000087f0    00000034     RFCC26XX_singleMode.obj (.text:RF_runDirectImmediateCmd$4)
                  00008824    00000034     cc2640_ctrlll_xxxo.a : ll_enc.o (.text)
                  00008858    00000034                          : ll_scheduler.o (.text)
                  0000888c    00000034     cc26xx_gap_xxxo.a : gap_configmgr.o (.text)
                  000088c0    00000034     drivers_cc26x0r2.aem3 : CryptoCC26XX.oem3 (.text:cryptoTransactionPend)
                  000088f4    00000034                           : PowerCC26XX.oem3 (.text:notify)
                  00008928    00000034     simple_observer_cc2640r2lp_stack_library.lib : osal.obj (.text:osal_clear_event)
                  0000895c    00000034                                                  : osal_timers.obj (.text:osal_get_timeoutEx)
                  00008990    00000034     rom_sysbios.aem3 : rom_sysbios.obj (.text:ti_sysbios_family_arm_cc26xx_Timer_initDevice__I)
                  000089c4    00000034                      : rom_sysbios.obj (.text:ti_sysbios_knl_Swi_setPri__E)
                  000089f8    00000032     icall.obj (.text:ICall_fetchServiceMsg)
                  00008a2a    00000002     app_ble_pem3.oem3 (.text:ti_sysbios_BIOS_nullFunc__I)
                  00008a2c    00000030     simple_observer_cc2640r2lp_stack_library.lib : hal_flash_wrapper.obj (.text:HalFlashRead)
                  00008a5c    00000030     icall.obj (.text:ICall_dispatch$6)
                  00008a8c    00000030     icall.obj (.text:ICall_msecs2Ticks$6)
                  00008abc    00000030     drivers_cc26x0r2.aem3 : PINCC26XX.oem3 (.text:PINCC26XX_setMux)
                  00008aec    00000030                           : PowerCC26XX.oem3 (.text:Power_setConstraint)
                  00008b1c    00000030     RFCC26XX_singleMode.obj (.text:RF_cmdGet$4)
                  00008b4c    00000030     cc2640_ctrlll_xxxo.a : ll_privacy.o (.text)
                  00008b7c    00000030     cc26xx_sm_xxxo.a : sm_pairing.o (.text)
                  00008bac    00000030     app_ble_pem3.oem3 (.text:ti_sysbios_BIOS_atExitFunc__I)
                  00008bdc    00000030     app_ble_pem3.oem3 (.text:ti_sysbios_BIOS_startFunc__I)
                  00008c0c    00000030     app_ble_pem3.oem3 (.text:ti_sysbios_heaps_HeapCallback_Object__create__S)
                  00008c3c    0000002e     icall_cc2650.obj (.text:ICallPlatform_pwrDispenseImpl$7)
                  00008c6a    0000002e     icall_cc2650.obj (.text:ICallPlatform_pwrRequireImpl$7)
                  00008c98    0000002e     simple_observer_cc2640r2lp_stack_library.lib : osal.obj (.text:osal_build_uint32)
                  00008cc6    0000002e     drivers_cc26x0r2.aem3 : UARTCC26XX.oem3 (.text:readData)
                  00008cf4    0000002e                           : UARTCC26XX.oem3 (.text:writeData)
                  00008d22    0000002c     icall.obj (.text:ICall_msgEnqueue$6)
                  00008d4e    00000002     rom_sysbios.aem3 : rom_sysbios.obj (.text:xdc_runtime_SysCallback_defaultAbort)
                  00008d50    0000002c     icall.obj (.text:ICall_searchTask$6)
                  00008d7c    0000002c     driverlib.lib : chipinfo.obj (.text:NOROM_ChipInfo_GetChipFamily)
                  00008da8    0000002c     RFCC26XX_singleMode.obj (.text:RF_calculateDeltaTimeUs$4)
                  00008dd4    0000002c     RFCC26XX_singleMode.obj (.text:RF_executeDirectImmediateCmd$4)
                  00008e00    0000002c     dpl_cc26x0r2.aem3 : SemaphoreP_tirtos.oem3 (.text:SemaphoreP_constructBinary)
                  00008e2c    0000002c                       : SemaphoreP_tirtos.oem3 (.text:SemaphoreP_createBinary)
                  00008e58    0000002c     cc2640_ctrlll_xxxo.a : ll_isr.o (.text)
                  00008e84    0000002c     cc26xx_gap_xxxo.a : gap_centdevmgr.o (.text)
                  00008eb0    0000002c     simple_observer_cc2640r2lp_stack_library.lib : osal_snv_wrapper.obj (.text:findOffset$33)
                  00008edc    0000002c     rom_sysbios.aem3 : rom_sysbios.obj (.text:ti_sysbios_knl_Clock_getTicksUntilInterrupt__E)
                  00008f08    0000002c                      : rom_sysbios.obj (.text:xdc_runtime_System_putchar__I)
                  00008f34    0000002b                      : rom_sysbios.obj (.text:xdc_runtime_Text_printVisFxn__I)
                  00008f5f    00000001     --HOLE-- [fill = 0]
                  00008f60    0000002a     display.aem3 : DisplayUart.oem3 (.text:DisplayUartAnsi_clear)
                  00008f8a    0000002a                  : Display.oem3 (.text:Display_doPrintf)
                  00008fb4    0000002a     rom_sysbios.aem3 : rom_sysbios.obj (.text:ti_sysbios_knl_Clock_getTimeout__E)
                  00008fde    00000002                      : rom_sysbios.obj (.text:xdc_runtime_SysCallback_defaultExit)
                  00008fe0    00000028     drivers_cc26x0r2.aem3 : CryptoCC26XX.oem3 (.text:CryptoCC26XX_hwiIntFxn)
                  00009008    00000028     driverlib.lib : rfc.obj (.text:NOROM_RFCDoorbellSendTo)
                  00009030    00000028     drivers_cc26x0r2.aem3 : PowerCC26XX.oem3 (.text:Power_registerNotify)
                  00009058    00000028     RFCC26XX_singleMode.obj (.text:RF_runCmd)
                  00009080    00000028     driverlib.lib : adi.obj (.text:SafeHapiVoid)
                  000090a8    00000028     TRNGCC26XX.obj (.text:TRNGCC26XX_init)
                  000090d0    00000028     simple_observer_cc2640r2lp_stack_library.lib : osal_bufmgr.obj (.text:osal_bm_adjust_header)
                  000090f8    00000028                                                  : osal_timers.obj (.text:osal_next_timeout)
                  00009120    00000028     drivers_cc26x0r2.aem3 : UARTCC26XX.oem3 (.text:readData2RingBuf)
                  00009148    00000026     simple_observer_cc2640r2lp_stack_library.lib : gap.obj (.text:GAP_DeviceInit)
                  0000916e    00000002     rom_sysbios.aem3 : rom_sysbios.obj (.text:xdc_runtime_SysCallback_defaultPutch)
                  00009170    00000024     icall.obj (.text:ICall_enterCSImpl)
                  00009194    00000024     drivers_cc26x0r2.aem3 : List.oem3 (.text:List_remove)
                  000091b8    00000024     driverlib.lib : chipinfo.obj (.text:NOROM_ChipInfo_GetChipType)
                  000091dc    00000024                   : osc.obj (.text:NOROM_OSCHF_TurnOnXosc)
                  00009200    00000024     rtsv7M3_T_le_eabi.lib : memcmp.c.obj (.text:memcmp)
                  00009224    00000024     simple_observer_cc2640r2lp_stack_library.lib : osal.obj (.text:osal_msg_allocate)
                  00009248    00000024                                                  : osal.obj (.text:osal_service_entry)
                  0000926c    00000024     app_ble_pem3.oem3 (.text:ti_sysbios_BIOS_registerRTSLock__I)
                  00009290    00000024     app_ble_pem3.oem3 (.text:ti_sysbios_BIOS_removeRTSLock__I)
                  000092b4    00000024     rom_sysbios.aem3 : rom_sysbios.obj (.text:ti_sysbios_family_arm_cc26xx_Timer_getMaxTicks__E)
                  000092d8    00000022     icall.obj (.text:ICall_setTimerMSecs)
                  000092fa    00000022     drivers_cc26x0r2.aem3 : List.oem3 (.text:List_get)
                  0000931c    00000022                           : List.oem3 (.text:List_put)
                  0000933e    00000022     driverlib.lib : uart.obj (.text:NOROM_UARTConfigSetExpClk)
                  00009360    00000020                   : uart.obj (.text:NOROM_UARTDisable)
                  00009380    00000020     drivers_cc26x0r2.aem3 : PINCC26XX.oem3 (.text:PINCC26XX_setIoCfgMux)
                  000093a0    00000020                           : PowerCC26XX.oem3 (.text:Power_unregisterNotify)
                  000093c0    00000020     RFCC26XX_singleMode.obj (.text:RF_clkPowerUp$4)
                  000093e0    00000020     RFCC26XX_singleMode.obj (.text:RF_ratIsRunning$4)
                  00009400    00000020     cc2640_ctrlll_xxxo.a : ll_common.o (.text)
                  00009420    00000020     cc26xx_gap_xxxo.a : gap_centdevmgr.o (.text)
                  00009440    00000020     simple_observer_cc2640r2lp_stack_library.lib : osal_timers.obj (.text:osalFindTimer)
                  00009460    00000020                                                  : osal.obj (.text:osal_memcmp)
                  00009480    00000020                                                  : osal.obj (.text:osal_msg_deallocate)
                  000094a0    00000020                                                  : osal.obj (.text:osal_msg_send)
[...]
20001844  timerHead                                                                 
20001848  osal_last_timestamp                                                       
20001850  llTaskList                                                                
2000185c  displayUartObject                                                         
20001868  PowerCC26XX_taskKey                                                       
2000186c  PowerCC26XX_swiKey                                                        
20001870  featureSetMask                                                            
20001880  llCurrentMappedChan                                                       
20001884  ClockP_tickPeriod                                                         
20001888  tasksEvents                                                               
2000188c  trngCC26XXObjects                                                         
20001891  hciTaskID                                                                 
20001892  hciTestTaskID                                                             
20001893  hciGapTaskID                                                              
20001894  hciL2capTaskID                                                            
20001895  hciSmpTaskID                                                              
20001897  driverlib_release_0_56023                                                 
20001898  icall_liteTaskId                                                          
20001899  heapStart                                                                 
20004000  __stack                                                                   
20004000  heapEnd                                                                   
20004400  __STACK_END                                                               
20004400  __STACK_TOP                                                               
200044f8  RAM_BASE_ADDR                                                             
20004504  ROM_FlashJT                                                               
20004558  gapPeripheralCBs                                                          
20004564  gapPeripheralConnCBs                                                      
20004568  rfMode                                                                    
20004584  smResponderCBs                                                            
2000459c  slaveConnHandle                                                           
2000459e  nextHandle                                                                
200045a0  l2capMtuSize                                                              
200045a2  gapAppTaskID                                                              
200045a3  gapAdvAppTaskID                                                           
200045a4  gapUnwantedTaskID                                                         
200045a5  reqTaskId                                                                 
200045a6  gattAppTaskID                                                             
200045a7  appTaskID                                                                 
200045a8  flowCtrlTaskId                                                            
200045a9  SM_appTaskID                                                              
200045ac  resolvingList                                                             
200046ec  scanDataEntry                                                             
200047cc  wlTable                                                                   
200048a8  wlTableScan                                                               
20004a20  advCmd                                                                    
20004a68  localEccKeys                                                              
20004aac  initDataEntry                                                             
20004ae4  advDataEntry                                                              
20004b1c  l2capFixedChannels                                                        
20004b4c  linkCBs                                                                   
20004b7c  eccParams                                                                 
20004bac  initParam                                                                 
20004bd0  scanParam                                                                 
20004bf4  advParam                                                                  
20004c14  cryptoPRAND                                                               
20004c34  txModemTestCmd                                                            
20004c50  gapParams                                                                 
20004c6c  initCmd                                                                   
20004c84  connReqData                                                               
20004c9c  scanCmd                                                                   
20004cb4  scanOutput                                                                
20004ccc  trxTestCmd                                                                
20004ce4  rxModemTestCmd                                                            
20004cfc  rsp                                                                       
20004d14  fwParDtmCmd                                                               
20004d2c  rfSetup                                                                   
20004d44  fwParRfCmd                                                                
20004d5c  connOutput                                                                
20004d70  rxTestParam                                                               
20004d84  initDataQueue                                                             
20004d94  scanDataQueue                                                             
20004da4  advDataQueue                                                              
20004db4  advOutput                                                                 
20004dc4  txTestParam                                                               
20004dd4  initOutput                                                                
20004de0  rxTestOut                                                                 
20004dec  deviceFeatureSet                                                          
20004df8  cachedTRNGdata                                                            
20004e04  gapCurrentRandomAddr                                                      
20004e0c  slaveUpdateReq                                                            
20004e14  pBleEvtMask                                                               
20004e1c  pHciEvtMask                                                               
20004e24  pHciEvtMask2                                                              
20004e2c  ownPublicAddr                                                             
20004e34  ownRandomAddr                                                             
20004e3c  ownSavedPublicAddr                                                        
20004e44  fwImmedCmd                                                                
20004e4c  attServerNotifyTxCB                                                       
20004e50  rfEvent                                                                   
20004e58  fwParCmd                                                                  
20004e60  verInfo                                                                   
20004e68  llConns                                                                   
20004e70  fwParamImmedCmd                                                           
20004e78  privInfo                                                                  
20004e80  linkCmd                                                                   
20004e84  linkParam                                                                 
20004e88  rxDataQ                                                                   
20004e8c  txDataQ                                                                   
20004e90  rxRingBuf                                                                 
20004e94  txTestOut                                                                 
20004e98  pGapDiscReq                                                               
20004e9c  pGapAdvertState                                                           
20004ea0  pEstLink                                                                  
20004ea4  pAuthLink                                                                 
20004ea8  pfnCentralConnCBs                                                         
20004eac  pfnPeripheralConnCBs                                                      
20004eb0  pGapAdvTokens                                                             
20004eb4  pGapAdData                                                                
20004eb8  pGapScanRspData                                                           
20004ebc  pfnPeripheralCBs                                                          
20004ec0  pfnCentralCBs                                                             
20004ec4  pfnBondMgrCBs                                                             
20004ec8  serverInfoTbl                                                             
20004ecc  pServiceList                                                              
20004ed0  pfnServerProcessMsgCB                                                     
20004ed4  pfnClientProcessMsgCB                                                     
20004ed8  prepareWritesTbl                                                          
20004edc  serviceCBsList                                                            
20004ee0  pAttrValue                                                                
20004ee4  l2capChannels                                                             
20004ee8  linkDB                                                                    
20004eec  rfHandle                                                                  
20004ef0  rfDrvTblPtr                                                               
20004ef4  eccDrvTblPtr                                                              
20004ef8  cryptoDrvTblPtr                                                           
20004efc  trngDrvTblPtr                                                             
20004f00  activeConns                                                               
20004f04  SysBootMsg                                                                
20004f08  sclkSrc                                                                   
20004f0c  buildInfo                                                                 
20004f10  advInfo                                                                   
20004f14  scanInfo                                                                  
20004f18  initInfo                                                                  
20004f1c  dtmInfo                                                                   
20004f20  taskEndAction                                                             
20004f24  encParams                                                                 
20004f28  encHandle                                                                 
20004f2c  encKey                                                                    
20004f30  pPairingParams                                                            
20004f34  pfnResponderCBs                                                           
20004f38  pfnInitiatorCBs                                                           
20004f3c  gapLimitedAdvertisingTimeout                                              
20004f3e  attrLen                                                                   
20004f40  numHostBufs                                                               
20004f42  rfCmdHandle                                                               
20004f44  connInitialMaxTxOctets                                                    
20004f46  connInitialMaxTxTime                                                      
20004f48  supportedMaxTxOctets                                                      
20004f4a  supportedMaxTxTime                                                        
20004f4c  supportedMaxRxOctets                                                      
20004f4e  supportedMaxRxTime                                                        
20004f50  taskEndStatus                                                             
20004f52  postRfOperations                                                          
20004f54  rfCfgAdiVal                                                               
20004f58  gapProfileRole                                                            
20004f59  gapDeviceAddrMode                                                         
20004f5a  gapState                                                                  
20004f5b  terminateAllTaskID                                                        
20004f5c  terminateReason                                                           
20004f5d  gapTaskID                                                                 
20004f5e  gattNumConns                                                              
20004f5f  gattTaskID                                                                
20004f60  GATTServApp_TaskID                                                        
20004f61  maxNumPrepareWrites                                                       
20004f62  hciPTMenabled                                                             
20004f63  ctrlToHostEnable                                                          
20004f64  l2capFlowCtrlMode                                                         
20004f65  l2capTaskID                                                               
20004f66  l2capNumChannels                                                          
20004f67  l2capNumDataPkts                                                          
20004f68  l2capId                                                                   
20004f69  linkDBNumConns                                                            
20004f6a  linkDB_secureConnectionOnlyMode                                           
20004f6b  maxPduSize                                                                
20004f6c  rfFeModeBias                                                              
20004f6d  maxNumTxDataBufs                                                          
20004f6e  LL_TaskID                                                                 
20004f6f  llState                                                                   
20004f70  rssiCorrection                                                            
20004f71  curTxPowerVal                                                             
20004f72  maxTxPwrForDTM                                                            
20004f73  onePktPerEvt                                                              
20004f74  numComplPkts                                                              
20004f75  numComplPktsLimit                                                         
20004f76  numComplPktsFlush                                                         
20004f77  fastTxRespTime                                                            
20004f78  slOverride                                                                
20004f79  rxFifoFlowCtrl                                                            
20004f7a  numTxDataBufs                                                             
20004f7b  maxNumConns                                                               
20004f7c  smTaskID                                                                  
20004f7d  SM_appExpectingKey                                                        
20004f80  ECC_DATA$$Base                                                            
20004f80  eccRom_param_Gx                                                           
20004f84  eccRom_param_Gy                                                           
20004f88  eccRom_workzone                                                           
20004f8c  eccRom_param_p                                                            
20004f90  eccRom_param_r                                                            
20004f94  eccRom_param_a                                                            
20004f98  eccRom_param_b                                                            
20004f9c  eccRom_windowSize                                                         
20004fa0  aux64                                                                     
20004fa8  MOD                                                                       
20004fac  LEN                                                                       
20004fb0  inScalar                                                                  
20004fb4  inPointX                                                                  
20004fb8  inPointY                                                                  
20004fbc  outPointX                                                                 
20004fc0  outPointY                                                                 
20004fc4  SCAL                                                                      
20004fc8  EXPX                                                                      
20004fcc  EXPY                                                                      
20004fd0  EXPZ                                                                      
20004fd4  EXPW                                                                      
20004fd8  ACCX                                                                      
20004fdc  ACCY                                                                      
20004fe0  ACCZ                                                                      
20004fe4  TMP1                                                                      
20004fe8  TMP2                                                                      
20004fec  TMP3                                                                      
20004ff0  TMP4                                                                      
20004ff4  TMP5                                                                      
20004ff8  TMP6                                                                      
20004ffc  MSBMOD                                                                    
20005000  ECC_DATA$$Limit                                                           
20005000  __UNUSED_SRAM_end__                                                       
e000e000  ti_sysbios_family_arm_m3_Hwi_nvic                                         
ffffffff  __TI_pprof_out_hndl                                                       
ffffffff  __TI_prof_data_size                                                       
ffffffff  __TI_prof_data_start                                                      
ffffffff  __binit__                                                                 
ffffffff  __c_args__                                                                
ffffffff  binit                                                                     
UNDEFED   SHT$$INIT_ARRAY$$Base                                                     
UNDEFED   SHT$$INIT_ARRAY$$Limit                                                    

[2240 symbols]
