******************************************************************************
                  TI ARM Linker Unix v18.12.4                  
******************************************************************************
>> Linked Tue Jul 21 13:17:26 2020

OUTPUT FILE NAME:   <multi_role_cc2640r2lp_app.out>
ENTRY POINT SYMBOL: "ResetISR"  address: 00010205


MEMORY CONFIGURATION

         name            origin    length      used     unused   attr    fill
----------------------  --------  ---------  --------  --------  ----  --------
  FLASH                 00000000   0001f000  0001741e  00007be2  R  X
  FLASH_LAST_PAGE       0001f000   00001000  00000058  00000fa8  R  X
  SRAM                  20000000   00004400  00002e49  000015b7  RW X


SEGMENT ALLOCATION MAP

run origin  load origin   length   init length attrs members
----------  ----------- ---------- ----------- ----- -------
00000000    00000000    00015424   00015424    r-x
  00000000    00000000    0000003c   0000003c    r-- .resetVecs
  0000003c    0000003c    00000fc4   00000fc4    r-x .text.1
  00001000    00001000    00000028   00000028    r-- .const:ti_sysbios_heaps_HeapMem_Module__FXNS__C
  00001028    00001028    00000024   00000024    r-- .const:ti_sysbios_gates_GateHwi_Module__FXNS__C
  0000104c    0000104c    00000024   00000024    r-- .const:ti_sysbios_gates_GateMutex_Module__FXNS__C
  00001070    00001070    00000020   00000020    r-- .const:ti_sysbios_family_arm_m3_Hwi_Object__DESC__C
  00001090    00001090    00000020   00000020    r-- .const:ti_sysbios_gates_GateHwi_Object__DESC__C
  000010b0    000010b0    00000020   00000020    r-- .const:ti_sysbios_gates_GateMutex_Object__DESC__C
  000010d0    000010d0    00000020   00000020    r-- .const:ti_sysbios_hal_Hwi_Object__DESC__C
  000010f0    000010f0    00000020   00000020    r-- .const:ti_sysbios_heaps_HeapMem_Object__DESC__C
  00001110    00001110    00000020   00000020    r-- .const:ti_sysbios_knl_Clock_Object__DESC__C
  00001130    00001130    00000020   00000020    r-- .const:ti_sysbios_knl_Event_Object__DESC__C
  00001150    00001150    00000020   00000020    r-- .const:ti_sysbios_knl_Mailbox_Object__DESC__C
  00001170    00001170    00000020   00000020    r-- .const:ti_sysbios_knl_Queue_Object__DESC__C
  00001190    00001190    00000020   00000020    r-- .const:ti_sysbios_knl_Semaphore_Object__DESC__C
  000011b0    000011b0    00000020   00000020    r-- .const:ti_sysbios_knl_Swi_Object__DESC__C
  000011d0    000011d0    00000020   00000020    r-- .const:ti_sysbios_knl_Task_Object__DESC__C
  000011f0    000011f0    00000008   00000008    r-- .const:ti_sysbios_knl_Idle_funcList__C
  000011f8    000011f8    00000004   00000004    r-- .const:ti_sysbios_family_arm_cc26xx_Timer_startupNeeded__C
  000011fc    000011fc    00000004   00000004    r-- .const:ti_sysbios_family_arm_m3_Hwi_E_alreadyDefined__C
  00001200    00001200    00000004   00000004    r-- .const:ti_sysbios_family_arm_m3_Hwi_E_hwiLimitExceeded__C
  00001204    00001204    00000004   00000004    r-- .const:ti_sysbios_family_arm_m3_Hwi_NUM_INTERRUPTS__C
  00001208    00001208    00000004   00000004    r-- .const:ti_sysbios_family_arm_m3_Hwi_Object__count__C
  0000120c    0000120c    00000004   00000004    r-- .const:ti_sysbios_family_arm_m3_Hwi_Object__table__C
  00001210    00001210    00000004   00000004    r-- .const:ti_sysbios_family_arm_m3_Hwi_ccr__C
  00001214    00001214    00000004   00000004    r-- .const:ti_sysbios_family_arm_m3_Hwi_excHandlerFunc__C
  00001218    00001218    00000004   00000004    r-- .const:ti_sysbios_family_arm_m3_Hwi_nullIsrFunc__C
  0000121c    0000121c    00000004   00000004    r-- .const:ti_sysbios_family_arm_m3_Hwi_numSparseInterrupts__C
  00001220    00001220    00000004   00000004    r-- .const:ti_sysbios_family_arm_m3_Hwi_priGroup__C
  00001224    00001224    00000004   00000004    r-- .const:ti_sysbios_family_arm_m3_TaskSupport_stackAlignment__C
  00001228    00001228    00000004   00000004    r-- .const:ti_sysbios_heaps_HeapMem_E_memory__C
  0000122c    0000122c    00000004   00000004    r-- .const:ti_sysbios_heaps_HeapMem_Module__gateObj__C
  00001230    00001230    00000004   00000004    r-- .const:ti_sysbios_heaps_HeapMem_Object__count__C
  00001234    00001234    00000004   00000004    r-- .const:ti_sysbios_heaps_HeapMem_Object__table__C
  00001238    00001238    00000004   00000004    r-- .const:ti_sysbios_heaps_HeapMem_reqAlign__C
  0000123c    0000123c    00000004   00000004    r-- .const:ti_sysbios_knl_Clock_triggerClock__C
  00001240    00001240    00000004   00000004    r-- .const:ti_sysbios_knl_Mailbox_Object__count__C
  00001244    00001244    00000004   00000004    r-- .const:ti_sysbios_knl_Mailbox_Object__table__C
  00001248    00001248    00000004   00000004    r-- .const:ti_sysbios_knl_Mailbox_maxTypeAlign__C
  0000124c    0000124c    00000004   00000004    r-- .const:ti_sysbios_knl_Queue_Object__count__C
  00001250    00001250    00000004   00000004    r-- .const:ti_sysbios_knl_Queue_Object__table__C
  00001254    00001254    00000004   00000004    r-- .const:ti_sysbios_knl_Semaphore_eventPost__C
  00001258    00001258    00000004   00000004    r-- .const:ti_sysbios_knl_Semaphore_eventSync__C
  0000125c    0000125c    00000004   00000004    r-- .const:ti_sysbios_knl_Swi_Object__count__C
  00001260    00001260    00000004   00000004    r-- .const:ti_sysbios_knl_Swi_Object__table__C
  00001264    00001264    00000004   00000004    r-- .const:ti_sysbios_knl_Swi_numPriorities__C
  00001268    00001268    00000004   00000004    r-- .const:ti_sysbios_knl_Task_Object__count__C
  0000126c    0000126c    00000004   00000004    r-- .const:ti_sysbios_knl_Task_Object__table__C
  00001270    00001270    00000004   00000004    r-- .const:ti_sysbios_knl_Task_allBlockedFunc__C
  00001274    00001274    00000004   00000004    r-- .const:ti_sysbios_knl_Task_defaultStackHeap__C
  00001278    00001278    00000004   00000004    r-- .const:ti_sysbios_knl_Task_defaultStackSize__C
  0000127c    0000127c    00000004   00000004    r-- .const:ti_sysbios_knl_Task_numConstructedTasks__C
  00001280    00001280    00000002   00000002    r-- .const:ti_sysbios_family_arm_cc26xx_Timer_Module__id__C
  00001282    00001282    00000002   00000002    r-- .const:ti_sysbios_family_arm_cc26xx_TimestampProvider_useClockTimer__C
  00001284    00001284    00000002   00000002    r-- .const:ti_sysbios_family_arm_m3_Hwi_Module__id__C
  00001286    00001286    00000002   00000002    r-- .const:ti_sysbios_gates_GateHwi_Module__id__C
  00001288    00001288    00000002   00000002    r-- .const:ti_sysbios_gates_GateMutex_Module__id__C
  0000128a    0000128a    00000002   00000002    r-- .const:ti_sysbios_heaps_HeapMem_Module__id__C
  0000128c    0000128c    00000002   00000002    r-- .const:ti_sysbios_knl_Task_initStackFlag__C
  0000128e    0000128e    00000001   00000001    r-- .const:ti_sysbios_knl_Clock_tickMode__C
  00001290    00001290    00000008   00000008    r-- .const:xdc_runtime_Startup_firstFxns__C
  00001298    00001298    00000008   00000008    r-- .const:xdc_runtime_Startup_lastFxns__C
  000012a0    000012a0    00000004   00000004    r-- .const:xdc_runtime_Assert_E_assertFailed__C
  000012a4    000012a4    00000004   00000004    r-- .const:xdc_runtime_Error_E_memory__C
  000012a8    000012a8    00000004   00000004    r-- .const:xdc_runtime_Error_policyFxn__C
  000012ac    000012ac    00000004   00000004    r-- .const:xdc_runtime_Error_raiseHook__C
  000012b0    000012b0    00000004   00000004    r-- .const:xdc_runtime_IGateProvider_Interface__BASE__C
  000012b4    000012b4    00000004   00000004    r-- .const:xdc_runtime_IHeap_Interface__BASE__C
  000012b8    000012b8    00000004   00000004    r-- .const:xdc_runtime_IModule_Interface__BASE__C
  000012bc    000012bc    00000004   00000004    r-- .const:xdc_runtime_Memory_defaultHeapInstance__C
  000012c0    000012c0    00000004   00000004    r-- .const:xdc_runtime_Startup_execImpl__C
  000012c4    000012c4    00000004   00000004    r-- .const:xdc_runtime_Startup_maxPasses__C
  000012c8    000012c8    00000004   00000004    r-- .const:xdc_runtime_Startup_sfxnRts__C
  000012cc    000012cc    00000004   00000004    r-- .const:xdc_runtime_Startup_sfxnTab__C
  000012d0    000012d0    00000004   00000004    r-- .const:xdc_runtime_Startup_startModsFxn__C
  000012d4    000012d4    00000004   00000004    r-- .const:xdc_runtime_SysCallback_abortFxn__C
  000012d8    000012d8    00000004   00000004    r-- .const:xdc_runtime_SysCallback_exitFxn__C
  000012dc    000012dc    00000004   00000004    r-- .const:xdc_runtime_System_abortFxn__C
  000012e0    000012e0    00000004   00000004    r-- .const:xdc_runtime_System_exitFxn__C
  000012e4    000012e4    00000004   00000004    r-- .const:xdc_runtime_System_maxAtexitHandlers__C
  000012e8    000012e8    00000004   00000004    r-- .const:xdc_runtime_Text_charTab__C
  000012ec    000012ec    00000004   00000004    r-- .const:xdc_runtime_Text_nameEmpty__C
  000012f0    000012f0    00000004   00000004    r-- .const:xdc_runtime_Text_nameStatic__C
  000012f4    000012f4    00000004   00000004    r-- .const:xdc_runtime_Text_nameUnknown__C
  000012f8    000012f8    00000002   00000002    r-- .const:xdc_runtime_Error_maxDepth__C
  000012fa    000012fa    00000002   00000002    r-- .const:xdc_runtime_Memory_Module__id__C
  000012fc    000012fc    00000002   00000002    r-- .const:xdc_runtime_Text_charCnt__C
  000012fe    000012fe    00000002   00000002    r-- .const:xdc_runtime_Text_isLoaded__C
  00001300    00001300    00000001   00000001    r-- .const:xdc_runtime_Error_policy__C
  00001304    00001304    00000004   00000004    r-- .const:ti_sysbios_rom_ROM_ti_sysbios_family_arm_cc26xx_Timer_getCount64__E
  00001308    00001308    00000004   00000004    r-- .const:ti_sysbios_rom_ROM_ti_sysbios_family_arm_cc26xx_Timer_getCurrentTick__E
  0000130c    0000130c    00000004   00000004    r-- .const:ti_sysbios_rom_ROM_ti_sysbios_family_arm_cc26xx_Timer_getMaxTicks__E
  00001310    00001310    00000004   00000004    r-- .const:ti_sysbios_rom_ROM_ti_sysbios_family_arm_cc26xx_Timer_initDevice__I
  00001314    00001314    00000004   00000004    r-- .const:ti_sysbios_rom_ROM_ti_sysbios_family_arm_cc26xx_Timer_setNextTick__E
  00001318    00001318    00000004   00000004    r-- .const:ti_sysbios_rom_ROM_ti_sysbios_family_arm_cc26xx_Timer_setThreshold__I
  0000131c    0000131c    00000004   00000004    r-- .const:ti_sysbios_rom_ROM_ti_sysbios_family_arm_cc26xx_Timer_start__E
  00001320    00001320    00000004   00000004    r-- .const:ti_sysbios_rom_ROM_ti_sysbios_family_arm_cc26xx_TimestampProvider_get32__E
  00001324    00001324    00000004   00000004    r-- .const:ti_sysbios_rom_ROM_xdc_runtime_Startup_getState__I
  00001328    00001328    00000004   00000004    r-- .const:ti_sysbios_rom_ROM_xdc_runtime_System_SupportProxy_abort__E
  0000132c    0000132c    00000004   00000004    r-- .const:ti_sysbios_rom_ROM_xdc_runtime_System_SupportProxy_exit__E
  00001330    00001330    00012a1c   00012a1c    r-x .text.2
  00013d4c    00013d4c    00001046   00001046    r-- .const
  00014d94    00014d94    000000a4   000000a4    r-- .rodata
  00014e38    00014e38    000005ec   000005ec    r-- .cinit
0001d000    0001d000    00002000   00002000    r--
  0001d000    0001d000    00002000   00002000    r-- .snvSectors
0001ffa8    0001ffa8    00000058   00000058    r--
  0001ffa8    0001ffa8    00000058   00000058    r-- .ccfg
20000100    20000100    00002983   00000000    rw-
  20000100    20000100    00000044   00000000    rw- .data:ti_sysbios_knl_Task_Module__state__V
  20000144    20000144    00000034   00000000    rw- .data:ti_sysbios_family_arm_m3_Hwi_Module__state__V
  20000178    20000178    0000002c   00000000    rw- .data:ti_sysbios_knl_Clock_Module__state__V
  200001a4    200001a4    00000024   00000000    rw- .data:ti_sysbios_BIOS_Module__state__V
  200001c8    200001c8    0000001c   00000000    rw- .data:ti_sysbios_knl_Swi_Module__state__V
  200001e4    200001e4    00000008   00000000    rw- .data:ti_sysbios_family_arm_cc26xx_Timer_Module__state__V
  200001ec    200001ec    00000004   00000000    rw- .data:ti_sysbios_family_arm_cc26xx_TimestampProvider_Module__state__V
  200001f0    200001f0    00000008   00000000    rw- .data:xdc_runtime_Startup_Module__state__V
  200001f8    200001f8    00000008   00000000    rw- .data:xdc_runtime_System_Module__state__V
  20000200    20000200    00000004   00000000    rw- .data:xdc_runtime_Memory_Module__state__V
  20000204    20000204    00000002   00000000    rw- .data:xdc_runtime_Error_Module__state__V
  20000208    20000208    00001ebb   00000000    rw- .data
  200020c8    200020c8    000009bb   00000000    rw- .bss
20004000    20004000    00000400   00000000    rw-
  20004000    20004000    00000400   00000000    rw- .stack


SECTION ALLOCATION MAP

 output                                  attributes/
section   page    origin      length       input sections
--------  ----  ----------  ----------   ----------------
.const:ti_sysbios_heaps_HeapMem_Module__FXNS__C 
*          0    00001000    00000028     
                  00001000    00000028     app_ble_pem3.oem3 (.const:ti_sysbios_heaps_HeapMem_Module__FXNS__C)

.const:ti_sysbios_gates_GateHwi_Module__FXNS__C 
*          0    00001028    00000024     
                  00001028    00000024     app_ble_pem3.oem3 (.const:ti_sysbios_gates_GateHwi_Module__FXNS__C)

.const:ti_sysbios_gates_GateMutex_Module__FXNS__C 
*          0    0000104c    00000024     
                  0000104c    00000024     app_ble_pem3.oem3 (.const:ti_sysbios_gates_GateMutex_Module__FXNS__C)

.const:ti_sysbios_family_arm_m3_Hwi_Object__DESC__C 
*          0    00001070    00000020     
                  00001070    00000020     app_ble_pem3.oem3 (.const:ti_sysbios_family_arm_m3_Hwi_Object__DESC__C)

.const:ti_sysbios_gates_GateHwi_Object__DESC__C 
*          0    00001090    00000020     
                  00001090    00000020     app_ble_pem3.oem3 (.const:ti_sysbios_gates_GateHwi_Object__DESC__C)

.const:ti_sysbios_gates_GateMutex_Object__DESC__C 
*          0    000010b0    00000020     
                  000010b0    00000020     app_ble_pem3.oem3 (.const:ti_sysbios_gates_GateMutex_Object__DESC__C)

.const:ti_sysbios_hal_Hwi_Object__DESC__C 
*          0    000010d0    00000020     
                  000010d0    00000020     app_ble_pem3.oem3 (.const:ti_sysbios_hal_Hwi_Object__DESC__C)

.const:ti_sysbios_heaps_HeapMem_Object__DESC__C 
*          0    000010f0    00000020     
                  000010f0    00000020     app_ble_pem3.oem3 (.const:ti_sysbios_heaps_HeapMem_Object__DESC__C)

.const:ti_sysbios_knl_Clock_Object__DESC__C 
*          0    00001110    00000020     
                  00001110    00000020     app_ble_pem3.oem3 (.const:ti_sysbios_knl_Clock_Object__DESC__C)

.const:ti_sysbios_knl_Event_Object__DESC__C 
*          0    00001130    00000020     
                  00001130    00000020     app_ble_pem3.oem3 (.const:ti_sysbios_knl_Event_Object__DESC__C)

.const:ti_sysbios_knl_Mailbox_Object__DESC__C 
*          0    00001150    00000020     
                  00001150    00000020     app_ble_pem3.oem3 (.const:ti_sysbios_knl_Mailbox_Object__DESC__C)

.const:ti_sysbios_knl_Queue_Object__DESC__C 
*          0    00001170    00000020     
                  00001170    00000020     app_ble_pem3.oem3 (.const:ti_sysbios_knl_Queue_Object__DESC__C)

.const:ti_sysbios_knl_Semaphore_Object__DESC__C 
*          0    00001190    00000020     
                  00001190    00000020     app_ble_pem3.oem3 (.const:ti_sysbios_knl_Semaphore_Object__DESC__C)

.const:ti_sysbios_knl_Swi_Object__DESC__C 
*          0    000011b0    00000020     
                  000011b0    00000020     app_ble_pem3.oem3 (.const:ti_sysbios_knl_Swi_Object__DESC__C)

.const:ti_sysbios_knl_Task_Object__DESC__C 
*          0    000011d0    00000020     
                  000011d0    00000020     app_ble_pem3.oem3 (.const:ti_sysbios_knl_Task_Object__DESC__C)

.const:ti_sysbios_knl_Idle_funcList__C 
*          0    000011f0    00000008     
                  000011f0    00000008     app_ble_pem3.oem3 (.const:ti_sysbios_knl_Idle_funcList__C)

.const:ti_sysbios_family_arm_cc26xx_Timer_startupNeeded__C 
*          0    000011f8    00000004     
                  000011f8    00000004     app_ble_pem3.oem3 (.const:ti_sysbios_family_arm_cc26xx_Timer_startupNeeded__C)

.const:ti_sysbios_family_arm_m3_Hwi_E_alreadyDefined__C 
*          0    000011fc    00000004     
                  000011fc    00000004     app_ble_pem3.oem3 (.const:ti_sysbios_family_arm_m3_Hwi_E_alreadyDefined__C)

.const:ti_sysbios_family_arm_m3_Hwi_E_hwiLimitExceeded__C 
*          0    00001200    00000004     
                  00001200    00000004     app_ble_pem3.oem3 (.const:ti_sysbios_family_arm_m3_Hwi_E_hwiLimitExceeded__C)

.const:ti_sysbios_family_arm_m3_Hwi_NUM_INTERRUPTS__C 
*          0    00001204    00000004     
                  00001204    00000004     app_ble_pem3.oem3 (.const:ti_sysbios_family_arm_m3_Hwi_NUM_INTERRUPTS__C)

.const:ti_sysbios_family_arm_m3_Hwi_Object__count__C 
*          0    00001208    00000004     
                  00001208    00000004     app_ble_pem3.oem3 (.const:ti_sysbios_family_arm_m3_Hwi_Object__count__C)

.const:ti_sysbios_family_arm_m3_Hwi_Object__table__C 
*          0    0000120c    00000004     
                  0000120c    00000004     app_ble_pem3.oem3 (.const:ti_sysbios_family_arm_m3_Hwi_Object__table__C)

.const:ti_sysbios_family_arm_m3_Hwi_ccr__C 
*          0    00001210    00000004     
                  00001210    00000004     app_ble_pem3.oem3 (.const:ti_sysbios_family_arm_m3_Hwi_ccr__C)

.const:ti_sysbios_family_arm_m3_Hwi_excHandlerFunc__C 
*          0    00001214    00000004     
                  00001214    00000004     app_ble_pem3.oem3 (.const:ti_sysbios_family_arm_m3_Hwi_excHandlerFunc__C)

.const:ti_sysbios_family_arm_m3_Hwi_nullIsrFunc__C 
*          0    00001218    00000004     
                  00001218    00000004     app_ble_pem3.oem3 (.const:ti_sysbios_family_arm_m3_Hwi_nullIsrFunc__C)

.const:ti_sysbios_family_arm_m3_Hwi_numSparseInterrupts__C 
*          0    0000121c    00000004     
                  0000121c    00000004     app_ble_pem3.oem3 (.const:ti_sysbios_family_arm_m3_Hwi_numSparseInterrupts__C)

.const:ti_sysbios_family_arm_m3_Hwi_priGroup__C 
*          0    00001220    00000004     
                  00001220    00000004     app_ble_pem3.oem3 (.const:ti_sysbios_family_arm_m3_Hwi_priGroup__C)

.const:ti_sysbios_family_arm_m3_TaskSupport_stackAlignment__C 
*          0    00001224    00000004     
                  00001224    00000004     app_ble_pem3.oem3 (.const:ti_sysbios_family_arm_m3_TaskSupport_stackAlignment__C)

.const:ti_sysbios_heaps_HeapMem_E_memory__C 
*          0    00001228    00000004     
                  00001228    00000004     app_ble_pem3.oem3 (.const:ti_sysbios_heaps_HeapMem_E_memory__C)

.const:ti_sysbios_heaps_HeapMem_Module__gateObj__C 
*          0    0000122c    00000004     
                  0000122c    00000004     app_ble_pem3.oem3 (.const:ti_sysbios_heaps_HeapMem_Module__gateObj__C)

.const:ti_sysbios_heaps_HeapMem_Object__count__C 
*          0    00001230    00000004     
                  00001230    00000004     app_ble_pem3.oem3 (.const:ti_sysbios_heaps_HeapMem_Object__count__C)

.const:ti_sysbios_heaps_HeapMem_Object__table__C 
*          0    00001234    00000004     
                  00001234    00000004     app_ble_pem3.oem3 (.const:ti_sysbios_heaps_HeapMem_Object__table__C)

.const:ti_sysbios_heaps_HeapMem_reqAlign__C 
*          0    00001238    00000004     
                  00001238    00000004     app_ble_pem3.oem3 (.const:ti_sysbios_heaps_HeapMem_reqAlign__C)

.const:ti_sysbios_knl_Clock_triggerClock__C 
*          0    0000123c    00000004     
                  0000123c    00000004     app_ble_pem3.oem3 (.const:ti_sysbios_knl_Clock_triggerClock__C)

.const:ti_sysbios_knl_Mailbox_Object__count__C 
*          0    00001240    00000004     
                  00001240    00000004     app_ble_pem3.oem3 (.const:ti_sysbios_knl_Mailbox_Object__count__C)

.const:ti_sysbios_knl_Mailbox_Object__table__C 
*          0    00001244    00000004     
                  00001244    00000004     app_ble_pem3.oem3 (.const:ti_sysbios_knl_Mailbox_Object__table__C)

.const:ti_sysbios_knl_Mailbox_maxTypeAlign__C 
*          0    00001248    00000004     
                  00001248    00000004     app_ble_pem3.oem3 (.const:ti_sysbios_knl_Mailbox_maxTypeAlign__C)

.const:ti_sysbios_knl_Queue_Object__count__C 
*          0    0000124c    00000004     
                  0000124c    00000004     app_ble_pem3.oem3 (.const:ti_sysbios_knl_Queue_Object__count__C)

.const:ti_sysbios_knl_Queue_Object__table__C 
*          0    00001250    00000004     
                  00001250    00000004     app_ble_pem3.oem3 (.const:ti_sysbios_knl_Queue_Object__table__C)

.const:ti_sysbios_knl_Semaphore_eventPost__C 
*          0    00001254    00000004     
                  00001254    00000004     app_ble_pem3.oem3 (.const:ti_sysbios_knl_Semaphore_eventPost__C)

.const:ti_sysbios_knl_Semaphore_eventSync__C 
*          0    00001258    00000004     
                  00001258    00000004     app_ble_pem3.oem3 (.const:ti_sysbios_knl_Semaphore_eventSync__C)

.const:ti_sysbios_knl_Swi_Object__count__C 
*          0    0000125c    00000004     
                  0000125c    00000004     app_ble_pem3.oem3 (.const:ti_sysbios_knl_Swi_Object__count__C)

.const:ti_sysbios_knl_Swi_Object__table__C 
*          0    00001260    00000004     
                  00001260    00000004     app_ble_pem3.oem3 (.const:ti_sysbios_knl_Swi_Object__table__C)

.const:ti_sysbios_knl_Swi_numPriorities__C 
*          0    00001264    00000004     
                  00001264    00000004     app_ble_pem3.oem3 (.const:ti_sysbios_knl_Swi_numPriorities__C)

.const:ti_sysbios_knl_Task_Object__count__C 
*          0    00001268    00000004     
                  00001268    00000004     app_ble_pem3.oem3 (.const:ti_sysbios_knl_Task_Object__count__C)

.const:ti_sysbios_knl_Task_Object__table__C 
*          0    0000126c    00000004     
                  0000126c    00000004     app_ble_pem3.oem3 (.const:ti_sysbios_knl_Task_Object__table__C)

.const:ti_sysbios_knl_Task_allBlockedFunc__C 
*          0    00001270    00000004     
                  00001270    00000004     app_ble_pem3.oem3 (.const:ti_sysbios_knl_Task_allBlockedFunc__C)

.const:ti_sysbios_knl_Task_defaultStackHeap__C 
*          0    00001274    00000004     
                  00001274    00000004     app_ble_pem3.oem3 (.const:ti_sysbios_knl_Task_defaultStackHeap__C)

.const:ti_sysbios_knl_Task_defaultStackSize__C 
*          0    00001278    00000004     
                  00001278    00000004     app_ble_pem3.oem3 (.const:ti_sysbios_knl_Task_defaultStackSize__C)

.const:ti_sysbios_knl_Task_numConstructedTasks__C 
*          0    0000127c    00000004     
                  0000127c    00000004     app_ble_pem3.oem3 (.const:ti_sysbios_knl_Task_numConstructedTasks__C)

.const:ti_sysbios_family_arm_cc26xx_Timer_Module__id__C 
*          0    00001280    00000002     
                  00001280    00000002     app_ble_pem3.oem3 (.const:ti_sysbios_family_arm_cc26xx_Timer_Module__id__C)

.const:ti_sysbios_family_arm_cc26xx_TimestampProvider_useClockTimer__C 
*          0    00001282    00000002     
                  00001282    00000002     app_ble_pem3.oem3 (.const:ti_sysbios_family_arm_cc26xx_TimestampProvider_useClockTimer__C)

.const:ti_sysbios_family_arm_m3_Hwi_Module__id__C 
*          0    00001284    00000002     
                  00001284    00000002     app_ble_pem3.oem3 (.const:ti_sysbios_family_arm_m3_Hwi_Module__id__C)

.const:ti_sysbios_gates_GateHwi_Module__id__C 
*          0    00001286    00000002     
                  00001286    00000002     app_ble_pem3.oem3 (.const:ti_sysbios_gates_GateHwi_Module__id__C)

.const:ti_sysbios_gates_GateMutex_Module__id__C 
*          0    00001288    00000002     
                  00001288    00000002     app_ble_pem3.oem3 (.const:ti_sysbios_gates_GateMutex_Module__id__C)

.const:ti_sysbios_heaps_HeapMem_Module__id__C 
*          0    0000128a    00000002     
                  0000128a    00000002     app_ble_pem3.oem3 (.const:ti_sysbios_heaps_HeapMem_Module__id__C)

.const:ti_sysbios_knl_Task_initStackFlag__C 
*          0    0000128c    00000002     
                  0000128c    00000002     app_ble_pem3.oem3 (.const:ti_sysbios_knl_Task_initStackFlag__C)

.const:ti_sysbios_knl_Clock_tickMode__C 
*          0    0000128e    00000001     
                  0000128e    00000001     app_ble_pem3.oem3 (.const:ti_sysbios_knl_Clock_tickMode__C)

.const:xdc_runtime_Startup_firstFxns__C 
*          0    00001290    00000008     
                  00001290    00000008     app_ble_pem3.oem3 (.const:xdc_runtime_Startup_firstFxns__C)

.const:xdc_runtime_Startup_lastFxns__C 
*          0    00001298    00000008     
                  00001298    00000008     app_ble_pem3.oem3 (.const:xdc_runtime_Startup_lastFxns__C)

.const:xdc_runtime_Assert_E_assertFailed__C 
*          0    000012a0    00000004     
                  000012a0    00000004     app_ble_pem3.oem3 (.const:xdc_runtime_Assert_E_assertFailed__C)

.const:xdc_runtime_Error_E_memory__C 
*          0    000012a4    00000004     
                  000012a4    00000004     app_ble_pem3.oem3 (.const:xdc_runtime_Error_E_memory__C)

.const:xdc_runtime_Error_policyFxn__C 
*          0    000012a8    00000004     
                  000012a8    00000004     app_ble_pem3.oem3 (.const:xdc_runtime_Error_policyFxn__C)

.const:xdc_runtime_Error_raiseHook__C 
*          0    000012ac    00000004     
                  000012ac    00000004     app_ble_pem3.oem3 (.const:xdc_runtime_Error_raiseHook__C)

.const:xdc_runtime_IGateProvider_Interface__BASE__C 
*          0    000012b0    00000004     
                  000012b0    00000004     app_ble_pem3.oem3 (.const:xdc_runtime_IGateProvider_Interface__BASE__C)

.const:xdc_runtime_IHeap_Interface__BASE__C 
*          0    000012b4    00000004     
                  000012b4    00000004     app_ble_pem3.oem3 (.const:xdc_runtime_IHeap_Interface__BASE__C)

.const:xdc_runtime_IModule_Interface__BASE__C 
*          0    000012b8    00000004     
                  000012b8    00000004     app_ble_pem3.oem3 (.const:xdc_runtime_IModule_Interface__BASE__C)

.const:xdc_runtime_Memory_defaultHeapInstance__C 
*          0    000012bc    00000004     
                  000012bc    00000004     app_ble_pem3.oem3 (.const:xdc_runtime_Memory_defaultHeapInstance__C)

.const:xdc_runtime_Startup_execImpl__C 
*          0    000012c0    00000004     
                  000012c0    00000004     app_ble_pem3.oem3 (.const:xdc_runtime_Startup_execImpl__C)

.const:xdc_runtime_Startup_maxPasses__C 
*          0    000012c4    00000004     
                  000012c4    00000004     app_ble_pem3.oem3 (.const:xdc_runtime_Startup_maxPasses__C)

.const:xdc_runtime_Startup_sfxnRts__C 
*          0    000012c8    00000004     
                  000012c8    00000004     app_ble_pem3.oem3 (.const:xdc_runtime_Startup_sfxnRts__C)

.const:xdc_runtime_Startup_sfxnTab__C 
*          0    000012cc    00000004     
                  000012cc    00000004     app_ble_pem3.oem3 (.const:xdc_runtime_Startup_sfxnTab__C)

.const:xdc_runtime_Startup_startModsFxn__C 
*          0    000012d0    00000004     
                  000012d0    00000004     app_ble_pem3.oem3 (.const:xdc_runtime_Startup_startModsFxn__C)

.const:xdc_runtime_SysCallback_abortFxn__C 
*          0    000012d4    00000004     
                  000012d4    00000004     app_ble_pem3.oem3 (.const:xdc_runtime_SysCallback_abortFxn__C)

.const:xdc_runtime_SysCallback_exitFxn__C 
*          0    000012d8    00000004     
                  000012d8    00000004     app_ble_pem3.oem3 (.const:xdc_runtime_SysCallback_exitFxn__C)

.const:xdc_runtime_System_abortFxn__C 
*          0    000012dc    00000004     
                  000012dc    00000004     app_ble_pem3.oem3 (.const:xdc_runtime_System_abortFxn__C)

.const:xdc_runtime_System_exitFxn__C 
*          0    000012e0    00000004     
                  000012e0    00000004     app_ble_pem3.oem3 (.const:xdc_runtime_System_exitFxn__C)

.const:xdc_runtime_System_maxAtexitHandlers__C 
*          0    000012e4    00000004     
                  000012e4    00000004     app_ble_pem3.oem3 (.const:xdc_runtime_System_maxAtexitHandlers__C)

.const:xdc_runtime_Text_charTab__C 
*          0    000012e8    00000004     
                  000012e8    00000004     app_ble_pem3.oem3 (.const:xdc_runtime_Text_charTab__C)

.const:xdc_runtime_Text_nameEmpty__C 
*          0    000012ec    00000004     
                  000012ec    00000004     app_ble_pem3.oem3 (.const:xdc_runtime_Text_nameEmpty__C)

.const:xdc_runtime_Text_nameStatic__C 
*          0    000012f0    00000004     
                  000012f0    00000004     app_ble_pem3.oem3 (.const:xdc_runtime_Text_nameStatic__C)

.const:xdc_runtime_Text_nameUnknown__C 
*          0    000012f4    00000004     
                  000012f4    00000004     app_ble_pem3.oem3 (.const:xdc_runtime_Text_nameUnknown__C)

.const:xdc_runtime_Error_maxDepth__C 
*          0    000012f8    00000002     
                  000012f8    00000002     app_ble_pem3.oem3 (.const:xdc_runtime_Error_maxDepth__C)

.const:xdc_runtime_Memory_Module__id__C 
*          0    000012fa    00000002     
                  000012fa    00000002     app_ble_pem3.oem3 (.const:xdc_runtime_Memory_Module__id__C)

.const:xdc_runtime_Text_charCnt__C 
*          0    000012fc    00000002     
                  000012fc    00000002     app_ble_pem3.oem3 (.const:xdc_runtime_Text_charCnt__C)

.const:xdc_runtime_Text_isLoaded__C 
*          0    000012fe    00000002     
                  000012fe    00000002     app_ble_pem3.oem3 (.const:xdc_runtime_Text_isLoaded__C)

.const:xdc_runtime_Error_policy__C 
*          0    00001300    00000001     
                  00001300    00000001     app_ble_pem3.oem3 (.const:xdc_runtime_Error_policy__C)

.const:ti_sysbios_rom_ROM_ti_sysbios_family_arm_cc26xx_Timer_getCount64__E 
*          0    00001304    00000004     
                  00001304    00000004     app_ble_pem3.oem3 (.const:ti_sysbios_rom_ROM_ti_sysbios_family_arm_cc26xx_Timer_getCount64__E)

.const:ti_sysbios_rom_ROM_ti_sysbios_family_arm_cc26xx_Timer_getCurrentTick__E 
*          0    00001308    00000004     
                  00001308    00000004     app_ble_pem3.oem3 (.const:ti_sysbios_rom_ROM_ti_sysbios_family_arm_cc26xx_Timer_getCurrentTick__E)

.const:ti_sysbios_rom_ROM_ti_sysbios_family_arm_cc26xx_Timer_getMaxTicks__E 
*          0    0000130c    00000004     
                  0000130c    00000004     app_ble_pem3.oem3 (.const:ti_sysbios_rom_ROM_ti_sysbios_family_arm_cc26xx_Timer_getMaxTicks__E)

.const:ti_sysbios_rom_ROM_ti_sysbios_family_arm_cc26xx_Timer_initDevice__I 
*          0    00001310    00000004     
                  00001310    00000004     app_ble_pem3.oem3 (.const:ti_sysbios_rom_ROM_ti_sysbios_family_arm_cc26xx_Timer_initDevice__I)

.const:ti_sysbios_rom_ROM_ti_sysbios_family_arm_cc26xx_Timer_setNextTick__E 
*          0    00001314    00000004     
                  00001314    00000004     app_ble_pem3.oem3 (.const:ti_sysbios_rom_ROM_ti_sysbios_family_arm_cc26xx_Timer_setNextTick__E)

.const:ti_sysbios_rom_ROM_ti_sysbios_family_arm_cc26xx_Timer_setThreshold__I 
*          0    00001318    00000004     
                  00001318    00000004     app_ble_pem3.oem3 (.const:ti_sysbios_rom_ROM_ti_sysbios_family_arm_cc26xx_Timer_setThreshold__I)

.const:ti_sysbios_rom_ROM_ti_sysbios_family_arm_cc26xx_Timer_start__E 
*          0    0000131c    00000004     
                  0000131c    00000004     app_ble_pem3.oem3 (.const:ti_sysbios_rom_ROM_ti_sysbios_family_arm_cc26xx_Timer_start__E)

.const:ti_sysbios_rom_ROM_ti_sysbios_family_arm_cc26xx_TimestampProvider_get32__E 
*          0    00001320    00000004     
                  00001320    00000004     app_ble_pem3.oem3 (.const:ti_sysbios_rom_ROM_ti_sysbios_family_arm_cc26xx_TimestampProvider_get32__E)

.const:ti_sysbios_rom_ROM_xdc_runtime_Startup_getState__I 
*          0    00001324    00000004     
                  00001324    00000004     app_ble_pem3.oem3 (.const:ti_sysbios_rom_ROM_xdc_runtime_Startup_getState__I)

.const:ti_sysbios_rom_ROM_xdc_runtime_System_SupportProxy_abort__E 
*          0    00001328    00000004     
                  00001328    00000004     app_ble_pem3.oem3 (.const:ti_sysbios_rom_ROM_xdc_runtime_System_SupportProxy_abort__E)

.const:ti_sysbios_rom_ROM_xdc_runtime_System_SupportProxy_exit__E 
*          0    0000132c    00000004     
                  0000132c    00000004     app_ble_pem3.oem3 (.const:ti_sysbios_rom_ROM_xdc_runtime_System_SupportProxy_exit__E)

.data:ti_sysbios_knl_Task_Module__state__V 
*          0    20000100    00000044     UNINITIALIZED
                  20000100    00000044     app_ble_pem3.oem3 (.data:ti_sysbios_knl_Task_Module__state__V)

.data:ti_sysbios_family_arm_m3_Hwi_Module__state__V 
*          0    20000144    00000034     UNINITIALIZED
                  20000144    00000034     app_ble_pem3.oem3 (.data:ti_sysbios_family_arm_m3_Hwi_Module__state__V)

.data:ti_sysbios_knl_Clock_Module__state__V 
*          0    20000178    0000002c     UNINITIALIZED
                  20000178    0000002c     app_ble_pem3.oem3 (.data:ti_sysbios_knl_Clock_Module__state__V)

.data:ti_sysbios_BIOS_Module__state__V 
*          0    200001a4    00000024     UNINITIALIZED
                  200001a4    00000024     app_ble_pem3.oem3 (.data:ti_sysbios_BIOS_Module__state__V)

.data:ti_sysbios_knl_Swi_Module__state__V 
*          0    200001c8    0000001c     UNINITIALIZED
                  200001c8    0000001c     app_ble_pem3.oem3 (.data:ti_sysbios_knl_Swi_Module__state__V)

.data:ti_sysbios_family_arm_cc26xx_Timer_Module__state__V 
*          0    200001e4    00000008     UNINITIALIZED
                  200001e4    00000008     app_ble_pem3.oem3 (.data:ti_sysbios_family_arm_cc26xx_Timer_Module__state__V)

.data:ti_sysbios_family_arm_cc26xx_TimestampProvider_Module__state__V 
*          0    200001ec    00000004     UNINITIALIZED
                  200001ec    00000004     app_ble_pem3.oem3 (.data:ti_sysbios_family_arm_cc26xx_TimestampProvider_Module__state__V)

.data:xdc_runtime_Startup_Module__state__V 
*          0    200001f0    00000008     UNINITIALIZED
                  200001f0    00000008     app_ble_pem3.oem3 (.data:xdc_runtime_Startup_Module__state__V)

.data:xdc_runtime_System_Module__state__V 
*          0    200001f8    00000008     UNINITIALIZED
                  200001f8    00000008     app_ble_pem3.oem3 (.data:xdc_runtime_System_Module__state__V)

.data:xdc_runtime_Memory_Module__state__V 
*          0    20000200    00000004     UNINITIALIZED
                  20000200    00000004     app_ble_pem3.oem3 (.data:xdc_runtime_Memory_Module__state__V)

.data:xdc_runtime_Error_Module__state__V 
*          0    20000204    00000002     UNINITIALIZED
                  20000204    00000002     app_ble_pem3.oem3 (.data:xdc_runtime_Error_Module__state__V)

.bootVecs 
*          0    00000000    00000008     DSECT
                  00000000    00000008     boot.aem3 : boot.oem3 (.bootVecs)

.resetVecs 
*          0    00000000    0000003c     
                  00000000    0000003c     app_ble_pem3.oem3 (.resetVecs)

.vecs      0    20000000    000000c8     NOLOAD SECTION
                  20000000    000000c8     app_ble_pem3.oem3 (.vecs)

xdc.meta   0    00000000    00000114     COPY SECTION
                  00000000    00000114     app_ble_pem3.oem3 (xdc.meta)

xdc.noload 
*          0    00000000    00000000     COPY SECTION

.cinit     0    00014e38    000005ec     
                  00014e38    000004a4     (.cinit..data.load) [load image, compression = lzss]
                  000152dc    00000029     (.cinit..data:ti_sysbios_family_arm_m3_Hwi_Module__state__V.load) [load image, compression = lzss]
                  00015305    00000021     (.cinit..data:ti_sysbios_knl_Task_Module__state__V.load) [load image, compression = lzss]
                  00015326    0000001f     (.cinit..data:ti_sysbios_BIOS_Module__state__V.load) [load image, compression = lzss]
                  00015345    0000001e     (.cinit..data:ti_sysbios_knl_Clock_Module__state__V.load) [load image, compression = lzss]
                  00015363    00000010     (.cinit..data:ti_sysbios_knl_Swi_Module__state__V.load) [load image, compression = lzss]
                  00015373    00000001     --HOLE-- [fill = 0]
                  00015374    0000000c     (__TI_handler_table)
                  00015380    0000000b     (.cinit..data:ti_sysbios_family_arm_cc26xx_Timer_Module__state__V.load) [load image, compression = lzss]
                  0001538b    00000005     --HOLE-- [fill = 0]
                  00015390    00000008     (.cinit..bss.load) [load image, compression = zero_init]
                  00015398    00000008     (.cinit..data:xdc_runtime_Memory_Module__state__V.load) [load image, compression = lzss]
                  000153a0    00000007     (.cinit..data:ti_sysbios_family_arm_cc26xx_TimestampProvider_Module__state__V.load) [load image, compression = lzss]
                  000153a7    00000007     (.cinit..data:xdc_runtime_Startup_Module__state__V.load) [load image, compression = lzss]
                  000153ae    00000007     (.cinit..data:xdc_runtime_System_Module__state__V.load) [load image, compression = lzss]
                  000153b5    00000006     (.cinit..data:xdc_runtime_Error_Module__state__V.load) [load image, compression = lzss]
                  000153bb    00000001     --HOLE-- [fill = 0]
                  000153bc    00000068     (__TI_cinit_table)

.init_array 
*          0    00000000    00000000     UNINITIALIZED

.snvSectors 
*          0    0001d000    00002000     
                  0001d000    00002000     multi_role_cc2640r2lp_stack_library.lib : osal_snv_wrapper.obj (.snvSectors:retain)

.ccfg      0    0001ffa8    00000058     
                  0001ffa8    00000058     ccfg_app_ble.obj (.ccfg:retain)

.data      0    20000208    00001ebb     UNINITIALIZED
                  20000208    00000c48     multi_role.obj (.data:$O3$$)
                  20000e50    00000348     multi.obj (.data:$O14$$)
                  20001198    000001d4     devinfoservice.obj (.data:$O12$$)
                  2000136c    00000174     multi_role_cc2640r2lp_stack_library.lib : gapbondmgr.obj (.data:$O22$$)
                  200014e0    00000124     simple_gatt_profile.obj (.data:$O15$$)
                  20001604    00000114     drivers_cc26x0r2.aem3 : PINCC26XX.oem3 (.data:$O1$$)
                  20001718    00000114                           : PowerCC26XX.oem3 (.data:PowerCC26XX_module)
                  2000182c    0000009c     icall.obj (.data:$O9$$)
                  200018c8    00000090     cc26xx_profiles_pcxx.a : gapgattserver.o (.data)
                  20001958    00000084     multi_role_menu.obj (.data:mrMenuConnect)
                  200019dc    0000007c     multi_role_cc2640r2lp_stack_library.lib : osal_cbtimer.obj (.data:$O18$$)
                  20001a58    00000058     drivers_cc26x0r2.aem3 : CryptoResourceCC26XX.oem3 (.data:$O1$$)
                  20001ab0    00000058     cc26xx_gap_pcxx.a : gap_configmgr.o (.data)
                  20001b08    0000004c     multi_role_menu.obj (.data:mrMenuConnUpdate)
                  20001b54    0000004c     multi_role_menu.obj (.data:mrMenuDisconnect)
                  20001ba0    0000004c     multi_role_menu.obj (.data:mrMenuGattRw)
                  20001bec    0000004c     app_ble_pem3.oem3 (.data:ti_sysbios_knl_Task_Object__table__V)
                  20001c38    00000048     board_key.obj (.data:$O1$$)
                  20001c80    00000048     app_ble_pem3.oem3 (.data:ti_sysbios_family_arm_cc26xx_Timer_Object__table__V)
                  20001cc8    0000003c     multi_role_menu.obj (.data:mrMenuMain)
                  20001d04    00000038     cc2640_ctrlll_pcxx.a : ll_config.o (.data)
                  20001d3c    00000038     app_ble_pem3.oem3 (.data:ti_sysbios_gates_GateMutex_Object__table__V)
                  20001d74    00000030     ble_user_config.obj (.data:rfRegTbl)
                  20001da4    00000030     app_ble_pem3.oem3 (.data:ti_sysbios_knl_Swi_Module_State_0_readyQ__A)
                  20001dd4    00000030     app_ble_pem3.oem3 (.data:ti_sysbios_knl_Swi_Object__table__V)
                  20001e04    00000030     app_ble_pem3.oem3 (.data:ti_sysbios_knl_Task_Module_State_0_readyQ__A)
                  20001e34    0000002c     multi_role_cc2640r2lp_stack_library.lib : osal.obj (.data:$O17$$)
                  20001e60    00000028     ECCROMCC26XX.obj (.data:$O6$$)
                  20001e88    00000024     cc26xx_profiles_pcxx.a : gapgattserver.o (.data)
                  20001eac    00000020     app_ble_pem3.oem3 (.data:ti_sysbios_knl_Clock_Object__table__V)
                  20001ecc    00000020     app_ble_pem3.oem3 (.data:xdc_runtime_Error_IgnoreBlock)
                  20001eec    00000018     app_ble_pem3.oem3 (.data:ti_sysbios_family_arm_m3_Hwi_Object__table__V)
                  20001f04    00000011     simple_gatt_profile.obj (.data:simpleProfileChar1UserDesp$18)
                  20001f15    00000011     simple_gatt_profile.obj (.data:simpleProfileChar2UserDesp$18)
                  20001f26    00000011     simple_gatt_profile.obj (.data:simpleProfileChar3UserDesp$18)
                  20001f37    00000011     simple_gatt_profile.obj (.data:simpleProfileChar4UserDesp$18)
                  20001f48    00000011     simple_gatt_profile.obj (.data:simpleProfileChar5UserDesp$18)
                  20001f59    00000001     TRNGCC26XX.obj (.data)
                  20001f5a    00000002     app_ble_pem3.oem3 (.data:ti_sysbios_family_arm_m3_Hwi_Module_State_0_excActive__A)
                  20001f5c    00000010     two_btn_menu.obj (.data:$O5$$)
                  20001f6c    00000010     icall_user_config.obj (.data:bleAppServiceInfoTable)
                  20001f7c    00000010     cc26xx_gap_pcxx.a : gap_centdevmgr.o (.data)
                  20001f8c    00000010     cc26xx_profiles_pcxx.a : gattservapp.o (.data)
                  20001f9c    00000010     cc26xx_sm_pcxx.a : sm_intpairing.o (.data)
                  20001fac    00000010     icall_api_lite.obj (.data)
                  20001fbc    00000010     ble_user_config.obj (.data:rfModeOverride)
                  20001fcc    00000010     main.obj (.data:user0Cfg)
                  20001fdc    0000000c     cc2640_ctrlll_pcxx.a : ll_data.o (.data)
                  20001fe8    0000000c     app_ble_pem3.oem3 (.data:ti_sysbios_heaps_HeapCallback_Object__table__V)
                  20001ff4    00000009     devinfoservice.obj (.data)
                  20001ffd    00000001     cc2640_ctrlll_pcxx.a : ll_common.o (.data)
                  20001ffe    00000001                          : ll_data.o (.data)
                  20001fff    00000001     cc26xx_gatt_pcxx.a : gatt_client.o (.data)
                  20002000    00000008     icall_cc2650.obj (.data:$O11$$)
                  20002008    00000008     hal_assert.obj (.data:$O2$$)
                  20002010    00000008     multi_role_cc2640r2lp_stack_library.lib : osal_clock.obj (.data:$O24$$)
                  20002018    00000008     rtsv7M3_T_le_eabi.lib : _lock.c.obj (.data:$O25$$)
                  20002020    00000008     cc26xx_gap_pcxx.a : gap_centlinkmgr.o (.data)
                  20002028    00000008     app_ble_pem3.oem3 (.data:ti_sysbios_family_arm_m3_Hwi_Module__root__V)
                  20002030    00000008     app_ble_pem3.oem3 (.data:ti_sysbios_gates_GateHwi_Module__root__V)
                  20002038    00000008     app_ble_pem3.oem3 (.data:ti_sysbios_gates_GateMutex_Module__root__V)
                  20002040    00000008     app_ble_pem3.oem3 (.data:ti_sysbios_hal_Hwi_Module__root__V)
                  20002048    00000008     app_ble_pem3.oem3 (.data:ti_sysbios_heaps_HeapCallback_Module__root__V)
                  20002050    00000008     app_ble_pem3.oem3 (.data:ti_sysbios_heaps_HeapMem_Module__root__V)
                  20002058    00000008     app_ble_pem3.oem3 (.data:ti_sysbios_knl_Clock_Module__root__V)
                  20002060    00000008     app_ble_pem3.oem3 (.data:ti_sysbios_knl_Event_Module__root__V)
                  20002068    00000008     app_ble_pem3.oem3 (.data:ti_sysbios_knl_Mailbox_Module__root__V)
                  20002070    00000008     app_ble_pem3.oem3 (.data:ti_sysbios_knl_Queue_Module__root__V)
                  20002078    00000008     app_ble_pem3.oem3 (.data:ti_sysbios_knl_Semaphore_Module__root__V)
                  20002080    00000008     app_ble_pem3.oem3 (.data:ti_sysbios_knl_Swi_Module__root__V)
                  20002088    00000008     app_ble_pem3.oem3 (.data:ti_sysbios_knl_Task_Module__root__V)
                  20002090    00000008     app_ble_pem3.oem3 (.data:xdc_runtime_Registry_Module__state__V)
                  20002098    00000005     simple_gatt_profile.obj (.data)
                  2000209d    00000001     cc26xx_profiles_pcxx.a : gapgattserver.o (.data)
                  2000209e    00000001                            : gapgattserver.o (.data)
                  2000209f    00000001                            : gapgattserver.o (.data)
                  200020a0    00000004     multi_role_cc2640r2lp_stack_library.lib : osal_pwrmgr.obj (.data:$O19$$)
                  200020a4    00000004     ble_user_config.obj (.data)
                  200020a8    00000004     multi_role_cc2640r2lp_stack_library.lib : ble_user_config.obj (.data)
                  200020ac    00000004                                             : osal_bufmgr.obj (.data)
                  200020b0    00000004     rtsv7M3_T_le_eabi.lib : stkdepth_vars.c.obj (.data)
                  200020b4    00000004     app_ble_pem3.oem3 (.data:ti_sysbios_family_arm_m3_Hwi_Module_State_0_excContext__A)
                  200020b8    00000004     app_ble_pem3.oem3 (.data:ti_sysbios_family_arm_m3_Hwi_Module_State_0_excStack__A)
                  200020bc    00000004     app_ble_pem3.oem3 (.data:ti_sysbios_knl_Task_Module_State_0_idleTask__A)
                  200020c0    00000001     cc26xx_profiles_pcxx.a : gapgattserver.o (.data)
                  200020c1    00000001     drivers_cc26x0r2.aem3 : CryptoCC26XX.oem3 (.data)
                  200020c2    00000001                           : UART.oem3 (.data)

.bss       0    200020c8    000009bb     UNINITIALIZED
                  200020c8    000003a0     RFCC26XX_singleMode.obj (.bss:$O8$$)
                  20002468    00000200     app_ble_pem3.oem3 (.bss:taskStackSection)
                  20002668    0000012c     (.common:uartCC26XXObjects)
                  20002794    000000c8     (.common:ti_sysbios_family_arm_m3_Hwi_dispatchTable)
                  2000285c    00000080     board.obj (.bss:uartStringBuf$19)
                  200028dc    00000004     cc2640_ctrlll_pcxx.a : ll.o (.bss)
                  200028e0    00000078                          : ll.o (.bss)
                  20002958    0000002c     (.common:cryptoCC26XXObjects)
                  20002984    00000028                          : ll_scan_end_causes.o (.bss)
                  200029ac    00000020     (.common:uartCC26XXRingBuffer)
                  200029cc    00000014     RFCC26XX_singleMode.obj (.bss:RF_ratSyncCmd$7)
                  200029e0    00000014     driverlib.lib : osc.obj (.bss:oscHfGlobals$65)
                  200029f4    00000010     util.obj (.bss:str$1$5)
                  20002a04    0000000c     multi_role_cc2640r2lp_stack_library.lib : osal_timers.obj (.bss:$O21$$)
                  20002a10    0000000c     cc2640_ctrlll_pcxx.a : ll_scheduler.o (.bss)
                  20002a1c    0000000c     (.common:displayUartObject)
                  20002a28    00000008     dpl_cc26x0r2.aem3 : PowerCC26XX_tirtos.oem3 (.bss:$O1$$)
                  20002a30    00000008     multi_role_cc2640r2lp_stack_library.lib : osal_snv_wrapper.obj (.bss:$O20$$)
                  20002a38    00000008     cc2640_ctrlll_pcxx.a : ll_common.o (.bss)
                  20002a40    00000008                          : ll_common.o (.bss)
                  20002a48    00000008     driverlib.lib : sys_ctrl.obj (.bss:powerQualGlobals$67)
                  20002a50    00000004     cc2640_ctrlll_pcxx.a : ll.o (.bss)
                  20002a54    00000004                          : ll.o (.bss)
                  20002a58    00000004                          : ll_common.o (.bss)
                  20002a5c    00000004     cc26xx_att_pcxx.a : att_client.o (.bss)
                  20002a60    00000004     cc26xx_gap_pcxx.a : gap_linkmgr.o (.bss)
                  20002a64    00000004     cc26xx_gatt_pcxx.a : gatt_client.o (.bss)
                  20002a68    00000004     cc26xx_profiles_pcxx.a : gapgattserver.o (.bss)
                  20002a6c    00000004     (.common:ClockP_tickPeriod)
                  20002a70    00000004     (.common:tasksEvents)
                  20002a74    00000004     (.common:trngCC26XXObjects)
                  20002a78    00000002     cc2640_ctrlll_pcxx.a : ll_slave_end_causes.o (.bss)
                  20002a7a    00000001     RFCC26XX_singleMode.obj (.bss)
                  20002a7b    00000001     cc26xx_hci_tl_none.a : hci_tl.o (.bss)
                  20002a7c    00000001                          : hci_tl.o (.bss)
                  20002a7d    00000001                          : hci_tl.o (.bss)
                  20002a7e    00000001                          : hci_tl.o (.bss)
                  20002a7f    00000001                          : hci_tl.o (.bss)
                  20002a80    00000001     drivers_cc26x0r2.aem3 : CryptoCC26XX.oem3 (.bss)
                  20002a81    00000001     (.common:driverlib_release_0_56883)
                  20002a82    00000001     (.common:icall_liteTaskId)

.vtable    0    20002a83    00000000     UNINITIALIZED

.vtable_ram 
*          0    20002a83    00000000     UNINITIALIZED

vtable_ram 
*          0    20002a83    00000000     UNINITIALIZED

.sysmem    0    20002a83    00000000     UNINITIALIZED

.nonretenvar 
*          0    20002a83    00000000     UNINITIALIZED

.stack     0    20004000    00000400     UNINITIALIZED
                  20004000    00000400     --HOLE--

.text.1    0    0000003c    00000fc4     
                  0000003c    00000b38     multi_role.obj (.text:multi_role_taskFxn$2)
                  00000b74    00000008     (.tramp.ti_sysbios_knl_Queue_construct.1)
                  00000b7c    00000008     (.tramp.ti_sysbios_knl_Event_pend__E.1)
                  00000b84    00000008     (.tramp.ti_sysbios_knl_Queue_get__E.1)
                  00000b8c    00000008     (.tramp.ti_sysbios_knl_Queue_empty__E.1)
                  00000b94    000003b4     cc2640_ctrlll_pcxx.a : ll_isr.o (.text)
                  00000f48    00000008     ble_r2.symbols (.tramp.llHardwareError.1)
                  00000f50    000000b0     devinfoservice.obj (.text:devInfo_ReadAttrCB$14)

.text.2    0    00001330    00012a1c     
                  00001330    0000071c     multi_role.obj (.text:multi_role_processStackMsg$2)
                  00001a4c    00000584     cc2640_ctrlll_pcxx.a : ble.o (.text)
                  00001fd0    0000050c     multi_role_cc2640r2lp_stack_library.lib : icall_startup.obj (.text:startup_entry)
                  000024dc    000004c8     cc2640_ctrlll_pcxx.a : ll_master_end_causes.o (.text)
                  000029a4    00000498                          : ll_scheduler.o (.text)
                  00002e3c    00000488                          : ll_isr.o (.text)
                  000032c4    00000478                          : ll.o (.text)
                  0000373c    00000440                          : ll.o (.text)
                  00003b7c    0000038c                          : ll_slave_end_causes.o (.text)
                  00003f08    00000340                          : ll_init_end_causes.o (.text)
                  00004248    00000320     rom_sysbios.aem3 : rom_sysbios.obj (.text:xdc_runtime_System_doPrint__I)
                  00004568    00000314     drivers_cc26x0r2.aem3 : PowerCC26XX_calibrateRCOSC.oem3 (.text:PowerCC26XX_auxISR)
                  0000487c    000002d8     RFCC26XX_singleMode.obj (.text:RF_fsmActiveState$7)
                  00004b54    00000278     drivers_cc26x0r2.aem3 : CryptoCC26XX.oem3 (.text:cryptoTransactionExecute)
                  00004dcc    0000026c     multi_role_cc2640r2lp_stack_library.lib : gapbondmgr.obj (.text:GAPBondMgr_ProcessGAPMsg)
                  00005038    0000025c                                             : gapbondmgr.obj (.text:GAPBondMgr_SetParameter)
                  00005294    00000244     cc2640_ctrlll_pcxx.a : ll_common.o (.text)
                  000054d8    00000244     cc26xx_profiles_pcxx.a : gapgattserver.o (.text)
                  0000571c    00000240     cc2640_ctrlll_pcxx.a : ble.o (.text)
                  0000595c    0000022c     drivers_cc26x0r2.aem3 : PowerCC26XX.oem3 (.text:Power_sleep)
                  00005b88    00000224     multi.obj (.text:gapRole_processGAPMsg$17)
                  00005dac    00000220     driverlib.lib : sys_ctrl.obj (.text:NOROM_SysCtrlSetRechargeBeforePowerDown)
                  00005fcc    0000021c     RFCC26XX_singleMode.obj (.text:RF_fsmSetupState$7)
                  000061e8    0000021c     RFCC26XX_singleMode.obj (.text:RF_open)
                  00006404    0000020c     ECCROMCC26XX.obj (.text:ECC_VerifyPublicKeyWeierstrass$6)
                  00006610    00000204     cc2640_ctrlll_pcxx.a : ll_master_end_causes.o (.text)
                  00006814    00000200     cc26xx_profiles_pcxx.a : gattservapp.o (.text)
                  00006a14    000001ec     multi.obj (.text:gapRole_taskFxn$17)
                  00006c00    000001e8     ECCROMCC26XX.obj (.text:ECCROMCC26XX_genDHKey)
                  00006de8    000001d0     multi_role_cc2640r2lp_stack_library.lib : gapbondmgr.obj (.text:gapBondMgrAddBond$34)
                  00006fb8    000001c8     multi.obj (.text:GAPRole_SetParameter)
                  00007180    000001c0     cc26xx_sm_pcxx.a : sm_intpairing.o (.text)
                  00007340    000001bc     main.obj (.text:AssertHandler)
                  000074fc    000001b0     drivers_cc26x0r2.aem3 : PINCC26XX.oem3 (.text:PIN_init)
                  000076ac    000001a8     icall.obj (.text:icall_directAPI)
                  00007854    000001a4     cc2640_ctrlll_pcxx.a : ll.o (.text)
                  000079f8    000001a0                          : ll_isr.o (.text)
                  00007b98    00000194     multi_role_cc2640r2lp_stack_library.lib : gapbondmgr.obj (.text:gapBondMgrAuthenticate$34)
                  00007d2c    00000190     drivers_cc26x0r2.aem3 : PowerCC26XX_calibrateRCOSC.oem3 (.text:PowerCC26XX_doCalibrate)
                  00007ebc    00000174     cc26xx_gatt_pcxx.a : gatt_client.o (.text)
                  00008030    0000015c     drivers_cc26x0r2.aem3 : UARTCC26XX.oem3 (.text:UARTCC26XX_open)
                  0000818c    0000015c     cc26xx_gatt_pcxx.a : gatt_client.o (.text)
                  000082e8    00000150     multi_role_cc2640r2lp_stack_library.lib : gapbondmgr.obj (.text:GAPBondMgr_ProcessEvent)
                  00008438    00000150     cc2640_ctrlll_pcxx.a : ll_common.o (.text)
                  00008588    00000150     cc26xx_sm_pcxx.a : sm_intpairing.o (.text)
                  000086d8    00000148     drivers_cc26x0r2.aem3 : UARTCC26XX.oem3 (.text:UARTCC26XX_hwiIntFxn)
                  00008820    00000140     cc2640_ctrlll_pcxx.a : ll_master_end_causes.o (.text)
                  00008960    00000138     multi_role.obj (.text:multi_role_processGATTDiscEvent$2)
                  00008a98    00000136     drivers_cc26x0r2.aem3 : UARTCC26XX.oem3 (.text:UARTCC26XX_read)
                  00008bce    00000002     ble_user_config.obj (.text:DefaultAssertCback)
                  00008bd0    00000130     ECCROMCC26XX.obj (.text:ECCROMCC26XX_genKeys)
                  00008d00    0000012c     drivers_cc26x0r2.aem3 : PowerCC26XX.oem3 (.text:Power_init)
                  00008e2c    00000128     multi_role_cc2640r2lp_stack_library.lib : gapbondmgr.obj (.text:GAPBondMgr_LinkEst)
                  00008f54    00000128     cc2640_ctrlll_pcxx.a : ll_scheduler.o (.text)
                  0000907c    00000124     multi_role_cc2640r2lp_stack_library.lib : gapbondmgr.obj (.text:gapBondMgrEraseBonding$34)
                  000091a0    00000118                                             : osal_snv_wrapper.obj (.text:osal_snv_write)
                  000092b8    00000114     cc26xx_gap_pcxx.a : gap_linkmgr.o (.text)
                  000093cc    00000110     cc26xx_gatt_pcxx.a : gatt_server.o (.text)
                  000094dc    00000106     app_ble_pem3.oem3 (.text:xdc_runtime_System_printfExtend__I)
                  000095e2    00000002     display.aem3 : DisplayUart.oem3 (.text:DisplayUartAnsi_init)
                  000095e4    00000104     cc26xx_gap_pcxx.a : gap_centdevmgr.o (.text)
                  000096e8    000000fc                       : gap_centlinkmgr.o (.text)
                  000097e4    000000fc     cc26xx_sm_pcxx.a : sm_intpairing.o (.text)
                  000098e0    000000fc     two_btn_menu.obj (.text:tbm_displayItemPage)
                  000099dc    000000f8     cc2640_ctrlll_pcxx.a : ll_scan_end_causes.o (.text)
                  00009ad4    000000f4     multi_role_cc2640r2lp_stack_library.lib : osal_snv_wrapper.obj (.text:compactPage$31)
                  00009bc8    000000f0     drivers_cc26x0r2.aem3 : PINCC26XX.oem3 (.text:PINCC26XX_setIoCfg)
                  00009cb8    000000f0     cc2640_ctrlll_pcxx.a : ll.o (.text)
                  00009da8    000000f0     simple_gatt_profile.obj (.text:simpleProfile_WriteAttrCB$18)
                  00009e98    000000ec     RFCC26XX_singleMode.obj (.text:RF_radioOpDoneCb$7)
                  00009f84    000000ec     cc26xx_profiles_pcxx.a : gattservapp.o (.text)
                  0000a070    000000e8     dpl_cc26x0r2.aem3 : PowerCC26XX_tirtos.oem3 (.text:PowerCC26XX_standbyPolicy)
                  0000a158    000000e8     multi_role_cc2640r2lp_stack_library.lib : osal_timers.obj (.text:osalTimerUpdate)
                  0000a240    000000e4     cc2640_ctrlll_pcxx.a : ll_isr.o (.text)
                  0000a324    000000e4     cc26xx_gatt_pcxx.a : gatt_client.o (.text)
                  0000a408    000000e4     cc26xx_sm_pcxx.a : sm_pairing.o (.text)
                  0000a4ec    000000e2     drivers_cc26x0r2.aem3 : UARTCC26XX.oem3 (.text:UARTCC26XX_write)
                  0000a5ce    00000002     icall.obj (.text:ICall_abort)
                  0000a5d0    000000dc     main.obj (.text:main)
                  0000a6ac    000000d8     cc26xx_gap_pcxx.a : gap_centdevmgr.o (.text)
                  0000a784    000000d4     RFCC26XX_singleMode.obj (.text:RF_pendCmd)
                  0000a858    000000d4     multi_role.obj (.text:mr_doConnect)
                  0000a92c    000000d0     multi.obj (.text:GAPRole_GetParameter)
                  0000a9fc    000000d0     RFCC26XX_singleMode.obj (.text:RF_swiHw$7)
                  0000aacc    000000cc     RFCC26XX_singleMode.obj (.text:RF_postCmd)
                  0000ab98    000000cc     cc2640_ctrlll_pcxx.a : ll_scan_end_causes.o (.text)
                  0000ac64    000000c8     RFCC26XX_singleMode.obj (.text:RF_fsmPowerUpState$7)
                  0000ad2c    000000c4     simple_gatt_profile.obj (.text:SimpleProfile_SetParameter)
                  0000adf0    000000c4     cc26xx_sm_pcxx.a : sm_pairing.o (.text)
                  0000aeb4    000000c4                      : sm_pairing.o (.text)
                  0000af78    000000c0     multi_role_cc2640r2lp_stack_library.lib : osal.obj (.text:osal_set_event)
                  0000b038    000000bc     drivers_cc26x0r2.aem3 : PowerCC26XX.oem3 (.text:Power_releaseDependency)
                  0000b0f4    000000bc     cc2640_ctrlll_pcxx.a : ll_scheduler.o (.text)
                  0000b1b0    000000b8     driverlib.lib : setup.obj (.text:NOROM_SetupTrimDevice)
                  0000b268    000000b8     RFCC26XX_singleMode.obj (.text:RF_control)
                  0000b320    000000b8     TRNGCC26XX.obj (.text:TRNGCC26XX_getNumber)
                  0000b3d8    000000b8     multi_role.obj (.text:mr_doGattRw)
                  0000b490    000000b4     multi_role_cc2640r2lp_stack_library.lib : gapbondmgr.obj (.text:GAPBondMgr_ResolveAddr)
                  0000b544    000000b4     drivers_cc26x0r2.aem3 : PowerCC26XX.oem3 (.text:Power_setDependency)
                  0000b5f8    000000b0     cc26xx_gap_pcxx.a : gap_peridevmgr.o (.text)
                  0000b6a8    000000ac     display.aem3 : DisplayUart.oem3 (.text:DisplayUartAnsi_clearLines)
                  0000b754    000000ac     RFCC26XX_singleMode.obj (.text:RF_abortCmd$7)
                  0000b800    000000a7     display.aem3 : DisplayUart.oem3 (.text:DisplayUartAnsi_open)
                  0000b8a7    00000001     --HOLE-- [fill = 0]
                  0000b8a8    000000a6     rom_sysbios.aem3 : rom_sysbios.obj (.text:xdc_runtime_Text_putSite__E)
                  0000b94e    000000a4     cc2640_ctrlll_pcxx.a : ll_common.o (.text)
                  0000b9f2    00000002     multi_role_cc2640r2lp_stack_library.lib : onboard.obj (.text:Onboard_soft_reset)
                  0000b9f4    000000a4     cc26xx_gatt_pcxx.a : gatt_client.o (.text)
                  0000ba98    000000a4     cc26xx_sm_pcxx.a : sm_intpairing.o (.text)
                  0000bb3c    000000a4     multi.obj (.text:gapRole_connUpdate)
                  0000bbe0    000000a4     multi_role_cc2640r2lp_stack_library.lib : osal.obj (.text:osal_msg_enqueue_push$26)
                  0000bc84    000000a4     drivers_cc26x0r2.aem3 : PowerCC26XX.oem3 (.text:switchXOSCHFclockFunc)
                  0000bd28    000000a0     multi_role_cc2640r2lp_stack_library.lib : gapbondmgr.obj (.text:GAPBondMgr_SlaveReqSecurity)
                  0000bdc8    000000a0     drivers_cc26x0r2.aem3 : PINCC26XX.oem3 (.text:PIN_open)
                  0000be68    000000a0     RFCC26XX_singleMode.obj (.text:RF_ratRestartChannels$7)
                  0000bf08    000000a0     auto_init.aem3 : auto_init.oem3 (.text)
                  0000bfa8    000000a0     multi_role_cc2640r2lp_stack_library.lib : osal_timers.obj (.text:osal_timer_refTimeUpdate)
                  0000c048    0000009f     display.aem3 : DisplayUart.oem3 (.text:DisplayUartAnsi_vprintf)
                  0000c0e7    00000001     --HOLE-- [fill = 0]
                  0000c0e8    0000009e     multi_role_cc2640r2lp_stack_library.lib : gapbondmgr.obj (.text:gapBondMgrUpdateCharCfg$34)
                  0000c186    00000002     RFCC26XX_singleMode.obj (.text:RF_defaultCallback$7)
                  0000c188    0000009c     RFCC26XX_singleMode.obj (.text:RF_calculateDispatchTime$7)
                  0000c224    0000009c     multi_role_cc2640r2lp_stack_library.lib : osal_cbtimer.obj (.text:cbTimerSetup$28)
                  0000c2c0    0000009c     cc2640_ctrlll_pcxx.a : ll_scheduler.o (.text)
                  0000c35c    0000009c     rtsv7M3_T_le_eabi.lib : memcpy_t2.asm.obj (.text)
                  0000c3f8    00000098     icall.obj (.text:ICall_setTimer)
                  0000c490    00000098     drivers_cc26x0r2.aem3 : UARTCC26XX.oem3 (.text:UARTCC26XX_initHw)
                  0000c528    00000098                           : UARTCC26XX.oem3 (.text:UARTCC26XX_initIO)
                  0000c5c0    00000098     cc2640_ctrlhci_pcxx.a : hci_event.o (.text)
                  0000c658    00000098     cc2640_ctrlll_pcxx.a : ll_common.o (.text)
                  0000c6f0    00000098     multi_role_cc2640r2lp_stack_library.lib : osal_cbtimer.obj (.text:osal_CbTimerProcessEvent)
                  0000c788    00000098     rom_sysbios.aem3 : rom_sysbios.obj (.text:ti_sysbios_knl_Clock_workFuncDynamic__E)
                  0000c820    00000096     rtsv7M3_T_le_eabi.lib : ull_div_t2.asm.obj (.text)
                  0000c8b6    00000002     multi_role_cc2640r2lp_stack_library.lib : sm_ecc.obj (.text:SM_dhKeyCB)
                  0000c8b8    00000094     drivers_cc26x0r2.aem3 : CryptoCC26XX.oem3 (.text:CryptoCC26XX_allocateKey)
                  0000c94c    00000094     driverlib.lib : crypto.obj (.text:NOROM_CRYPTOAesLoadKey)
                  0000c9e0    00000094     cc26xx_gap_pcxx.a : gap_centdevmgr.o (.text)
                  0000ca74    00000090     drivers_cc26x0r2.aem3 : CryptoCC26XX.oem3 (.text:CryptoCC26XX_open)
                  0000cb04    00000090     RFCC26XX_singleMode.obj (.text:RF_hwiCpe0Active$7)
                  0000cb94    00000090     driverlib.lib : setup.obj (.text:TrimAfterColdResetWakeupFromShutDown$23)
                  0000cc24    00000090     cc2640_ctrlll_pcxx.a : ll_common.o (.text)
                  0000ccb4    00000090                          : ll_init_end_causes.o (.text)
                  0000cd44    00000090     multi_role_cc2640r2lp_stack_library.lib : osal.obj (.text:osal_msg_receive)
                  0000cdd4    00000090     rom_sysbios.aem3 : rom_sysbios.obj (.text:ti_sysbios_family_arm_cc26xx_Timer_start__E)
                  0000ce64    0000008e     drivers_cc26x0r2.aem3 : UARTCC26XX.oem3 (.text:UARTCC26XX_writeCancel)
                  0000cef2    00000002     multi_role_cc2640r2lp_stack_library.lib : sm_ecc.obj (.text:SM_p256KeyCB)
                  0000cef4    0000008c     icall.obj (.text:ICall_heapMalloc)
                  0000cf80    0000008c     cc2640_ctrlll_pcxx.a : ll_common.o (.text)
                  0000d00c    0000008c                          : ll_enc.o (.text)
                  0000d098    0000008c                          : ll_scan_end_causes.o (.text)
                  0000d124    0000008c     cc26xx_gatt_pcxx.a : gatt_client.o (.text)
                  0000d1b0    0000008c                        : gatt_client.o (.text)
                  0000d23c    0000008c     cc26xx_sm_pcxx.a : sm_intpairing.o (.text)
                  0000d2c8    0000008c     multi_role_cc2640r2lp_stack_library.lib : osal_snv_wrapper.obj (.text:writeWord$31)
                  0000d354    00000088     RFCC26XX_singleMode.obj (.text:RF_dispatchNextCmd$7)
                  0000d3dc    00000088     gattservapp_util.obj (.text:gattServApp_SendNotiInd$16)
                  0000d464    00000084     driverlib.lib : crypto.obj (.text:NOROM_CRYPTOCcmInvAuthDecryptResultGet)
                  0000d4e8    00000084     RFCC26XX_singleMode.obj (.text:RF_ratFreeChannel$7)
                  0000d56c    00000084     drivers_cc26x0r2.aem3 : UARTCC26XX.oem3 (.text:UARTCC26XX_close)
                  0000d5f0    00000084     cc26xx_profiles_pcxx.a : gapgattserver.o (.text)
                  0000d674    00000080     multi_role_cc2640r2lp_stack_library.lib : gapbondmgr.obj (.text:GAPBondMgr_syncResolvingList)
                  0000d6f4    00000080     drivers_cc26x0r2.aem3 : UARTCC26XX.oem3 (.text:writeTxFifoFlush)
                  0000d774    0000007c     cc2640_ctrlhci_pcxx.a : hci_event.o (.text)
                  0000d7f0    0000007c     cc2640_ctrlll_pcxx.a : ll_scheduler.o (.text)
                  0000d86c    0000007c     cc26xx_gap_pcxx.a : gap_centdevmgr.o (.text)
                  0000d8e8    0000007c                       : gap_linkmgr.o (.text)
                  0000d964    0000007c     cc26xx_gatt_pcxx.a : gatt_client.o (.text)
                  0000d9e0    0000007c     multi_role_cc2640r2lp_stack_library.lib : osal.obj (.text:osal_event_send$26)
                  0000da5c    0000007a     rtsv7M3_T_le_eabi.lib : memset_t2.asm.obj (.text)
                  0000dad6    00000002                           : _lock.c.obj (.text:_nop)
                  0000dad8    00000078     cc2640_ctrlll_pcxx.a : ll_common.o (.text)
                  0000db50    00000078     cc26xx_profiles_pcxx.a : gattservapp.o (.text)
                  0000dbc8    00000076     cc26xx_gatt_pcxx.a : gatt_client.o (.text)
                  0000dc3e    00000002     drivers_cc26x0r2.aem3 : PowerCC26XX.oem3 (.text:emptyClockFunc)
                  0000dc40    00000074     icall.obj (.text:ICall_heapInit)
                  0000dcb4    00000074     cc26xx_sm_pcxx.a : sm_pairing.o (.text)
                  0000dd28    00000074     multi_role.obj (.text:multi_role_freeAttRsp$2)
                  0000dd9c    00000074     rom_sysbios.aem3 : rom_sysbios.obj (.text:xdc_runtime_Text_putMod__E)
                  0000de10    00000072     cc2640_ctrlll_pcxx.a : ll_common.o (.text)
                  0000de82    00000072     cc26xx_gatt_pcxx.a : gatt_client.o (.text)
                  0000def4    00000070     icall.obj (.text:ICall_heapGetStats)
                  0000df64    00000070     driverlib.lib : sys_ctrl.obj (.text:NOROM_SysCtrlAdjustRechargeAfterPowerDown)
                  0000dfd4    00000070     multi_role_cc2640r2lp_stack_library.lib : ble_dispatch_lite.obj (.text:ble_dispatch_liteProcess)
                  0000e044    00000070     cc26xx_hci_tl_none.a : hci_tl.o (.text)
                  0000e0b4    00000070     cc26xx_sm_pcxx.a : sm_intpairing.o (.text)
                  0000e124    00000070     drivers_cc26x0r2.aem3 : PowerCC26XX.oem3 (.text:lfClockReadyCallback)
                  0000e194    0000006d     rom_sysbios.aem3 : rom_sysbios.obj (.text:xdc_runtime_System_formatNum__I)
                  0000e201    00000001     --HOLE-- [fill = 0]
                  0000e202    00000002     drivers_cc26x0r2.aem3 : CryptoResourceCC26XX.oem3 (.text:errorSpin)
                  0000e204    0000006c     icall.obj (.text:ICall_sendServiceComplete)
                  0000e270    0000006c     driverlib.lib : osc.obj (.text:NOROM_OSCHF_AttemptToSwitchToXosc)
                  0000e2dc    0000006c     drivers_cc26x0r2.aem3 : PowerCC26XX_calibrateRCOSC.oem3 (.text:PowerCC26XX_initiateCalibration)
                  0000e348    0000006c     cc2640_ctrlll_pcxx.a : ll_common.o (.text)
                  0000e3b4    0000006c     cc26xx_gap_pcxx.a : gap_centdevmgr.o (.text)
                  0000e420    0000006c     cc26xx_gatt_pcxx.a : gatt_client.o (.text)
                  0000e48c    0000006c                        : gatt_client.o (.text)
                  0000e4f8    0000006c     drivers_cc26x0r2.aem3 : PowerCC26XX.oem3 (.text:configureXOSCHF)
                  0000e564    00000068                           : CryptoCC26XX.oem3 (.text:CryptoCC26XX_loadKey)
                  0000e5cc    00000068     icall.obj (.text:ICall_send)
                  0000e634    00000068     driverlib.lib : sys_ctrl.obj (.text:NOROM_SysCtrl_DCDC_VoltageConditionalControl)
                  0000e69c    00000068     RFCC26XX_singleMode.obj (.text:RF_getInfo)
                  0000e704    00000068     RFCC26XX_singleMode.obj (.text:RF_hwiHw$7)
                  0000e76c    00000068     cc26xx_gatt_pcxx.a : gatt_client.o (.text)
                  0000e7d4    00000068     cc26xx_sm_pcxx.a : sm_intpairing.o (.text)
                  0000e83c    00000068     rtsv7M3_T_le_eabi.lib : copy_decompress_lzss.c.obj (.text:decompress:lzss:__TI_decompress_lzss)
                  0000e8a4    00000068     multi_role.obj (.text:mr_doConnUpdate)
                  0000e90c    00000068     multi_role_cc2640r2lp_stack_library.lib : osal_cbtimer.obj (.text:osal_CbTimerUpdate)
                  0000e974    00000064                                             : gap.obj (.text:GAP_DeviceInit)
                  0000e9d8    00000064     RFCC26XX_singleMode.obj (.text:RF_getCurrentTime)
                  0000ea3c    00000064     RFCC26XX_singleMode.obj (.text:RF_hwiCpe0PowerFsm$7)
                  0000eaa0    00000064     cc26xx_profiles_pcxx.a : gattservapp.o (.text)
                  0000eb04    00000062     multi_role_cc2640r2lp_stack_library.lib : gapbondmgr.obj (.text:gapBondMgrBondReq$34)
                  0000eb66    00000002     hal_assert.obj (.text:halAssertHandler)
                  0000eb68    00000060     icall.obj (.text:ICall_createRemoteTasksAtRuntime)
                  0000ebc8    00000060     icall.obj (.text:ICall_enrollService)
                  0000ec28    00000060     drivers_cc26x0r2.aem3 : PowerCC26XX.oem3 (.text:PowerCC26XX_calibrate)
                  0000ec88    00000060     RFCC26XX_singleMode.obj (.text:RF_dispatchNextEvent$7)
                  0000ece8    00000060     RFCC26XX_singleMode.obj (.text:RF_fsmXOSCState$7)
                  0000ed48    00000060     two_btn_menu.obj (.text:tbm_goTo)
                  0000eda8    0000005f     rom_sysbios.aem3 : rom_sysbios.obj (.text:xdc_runtime_Text_putLab__E)
                  0000ee07    00000001     --HOLE-- [fill = 0]
                  0000ee08    0000005e     drivers_cc26x0r2.aem3 : UARTCC26XX.oem3 (.text:UARTCC26XX_swiIntFxn)
                  0000ee66    0000005e     cc26xx_gatt_pcxx.a : gatt_client.o (.text)
                  0000eec4    0000005e     simple_gatt_profile.obj (.text:simpleProfile_ReadAttrCB$18)
                  0000ef22    00000002     hal_assert.obj (.text:halAssertSpinlock)
                  0000ef24    0000005c     drivers_cc26x0r2.aem3 : CryptoResourceCC26XX.oem3 (.text:CryptoResourceCC26XX_constructRTOSObjects)
                  0000ef80    0000005c     display.aem3 : Display.oem3 (.text:Display_doOpen)
                  0000efdc    0000005c     icall.obj (.text:ICall_pwrUpdActivityCounter)
                  0000f038    0000005c     drivers_cc26x0r2.aem3 : PowerCC26XX_calibrateRCOSC.oem3 (.text:PowerCC26XX_RCOSC_clockFunc)
                  0000f094    0000005c     RFCC26XX_singleMode.obj (.text:RF_cmdDispatchTime$7)
                  0000f0f0    0000005c     cc26xx_gap_pcxx.a : gap_centlinkmgr.o (.text)
                  0000f14c    0000005c     cc26xx_gatt_pcxx.a : gatt_client.o (.text)
                  0000f1a8    0000005c     cc26xx_profiles_pcxx.a : gattservapp.o (.text)
                  0000f204    0000005c     cc26xx_sm_pcxx.a : sm_intpairing.o (.text)
                  0000f260    0000005c     multi_role.obj (.text:mr_doScan)
                  0000f2bc    0000005c     app_ble_pem3.oem3 (.text:xdc_runtime_Startup_getState__I)
                  0000f318    0000005a     RFCC26XX_singleMode.obj (.text:RF_syncCb$7)
                  0000f372    00000058     icall.obj (.text:ICall_fetchMsg)
                  0000f3ca    00000058     icall.obj (.text:ICall_wait)
                  0000f422    00000002     icall_api_lite.obj (.text:rfErrCb)
                  0000f424    00000058     drivers_cc26x0r2.aem3 : PINCC26XX.oem3 (.text:PIN_remove)
                  0000f47c    00000058                           : UARTCC26XX.oem3 (.text:UARTCC26XX_control)
                  0000f4d4    00000058     cc26xx_gap_pcxx.a : gap_centdevmgr.o (.text)
                  0000f52c    00000058                       : gap_centlinkmgr.o (.text)
                  0000f584    00000058                       : gap_linkmgr.o (.text)
                  0000f5dc    00000058     cc26xx_sm_pcxx.a : sm_intpairing.o (.text)
                  0000f634    00000058                      : sm_intpairing.o (.text)
                  0000f68c    00000058     multi_role_cc2640r2lp_stack_library.lib : gapbondmgr.obj (.text:gapBondMgrReadBonds$34)
                  0000f6e4    00000058                                             : osal_cbtimer.obj (.text:osal_CbTimerStop)
                  0000f73c    00000054     RFCC26XX_singleMode.obj (.text:RF_discardPendCmd$7)
                  0000f790    00000054     cc26xx_gap_pcxx.a : linkdb.o (.text)
                  0000f7e4    00000054     cc26xx_gatt_pcxx.a : gatt_client.o (.text)
                  0000f838    00000054     cc26xx_profiles_pcxx.a : gattservapp.o (.text)
                  0000f88c    00000054     cc26xx_sm_pcxx.a : sm_intpairing.o (.text)
                  0000f8e0    00000052     multi_role_cc2640r2lp_stack_library.lib : osal_snv_wrapper.obj (.text:findItem$31)
                  0000f932    00000002     rtsv7M3_T_le_eabi.lib : div0.asm.obj (.text)
                  0000f934    00000050     dpl_cc26x0r2.aem3 : ClockP_tirtos.oem3 (.text:ClockP_construct)
                  0000f984    00000050     ECCROMCC26XX.obj (.text:ECCROMCC26XX_Params_init)
                  0000f9d4    00000050     ECCROMCC26XX.obj (.text:ECC_initGlobals$6)
                  0000fa24    00000050     multi_role_cc2640r2lp_stack_library.lib : gapbondmgr.obj (.text:GAPBondMgr_LinkTerm)
                  0000fa74    00000050     icall.obj (.text:ICall_registerApp)
                  0000fac4    00000050     util.obj (.text:Util_convertBdAddr2Str)
                  0000fb14    00000050     cc2640_ctrlll_pcxx.a : ll.o (.text)
                  0000fb64    00000050     cc26xx_gap_pcxx.a : gap_centdevmgr.o (.text)
                  0000fbb4    00000050     multi_role.obj (.text:multi_role_enqueueMsg$2)
                  0000fc04    00000050     drivers_cc26x0r2.aem3 : UARTCC26XX.oem3 (.text:startTxFifoEmptyClk)
                  0000fc54    0000004c     icall.obj (.text:ICall_newTask$9)
                  0000fca0    0000004c     RFCC26XX_singleMode.obj (.text:RF_wakeupNotification$7)
                  0000fcec    0000004c     cc26xx_att_pcxx.a : att_client.o (.text)
                  0000fd38    0000004c     cc26xx_gap_pcxx.a : gap_centdevmgr.o (.text)
                  0000fd84    0000004c     rtsv7M3_T_le_eabi.lib : cpy_tbl.c.obj (.text:copy_in)
                  0000fdd0    0000004c     multi_role_cc2640r2lp_stack_library.lib : osal_bufmgr.obj (.text:osal_bm_free)
                  0000fe1c    0000004a     drivers_cc26x0r2.aem3 : UARTCC26XX.oem3 (.text:UARTCC26XX_readCancel)
                  0000fe66    00000002     app_ble_pem3.oem3 (.text:ti_sysbios_BIOS_nullFunc__I)
                  0000fe68    00000048     drivers_cc26x0r2.aem3 : PINCC26XX.oem3 (.text:PIN_setOutputEnable)
                  0000feb0    00000048     util.obj (.text:Util_constructClock)
                  0000fef8    00000048     cc26xx_gatt_pcxx.a : gatt_client.o (.text)
                  0000ff40    00000048     cc26xx_sm_pcxx.a : sm_intpairing.o (.text)
                  0000ff88    00000048                      : sm_intpairing.o (.text)
                  0000ffd0    00000048     multi_role_cc2640r2lp_stack_library.lib : gapbondmgr.obj (.text:gapBondMgrUpdateLruBondList$34)
                  00010018    00000048                                             : osal_timers.obj (.text:osalAddTimer)
                  00010060    00000048     rom_sysbios.aem3 : rom_sysbios.obj (.text:ti_sysbios_family_arm_cc26xx_Timer_setThreshold__I)
                  000100a8    00000048     drivers_cc26x0r2.aem3 : UARTCC26XX.oem3 (.text:writeFinishedDoCallback)
                  000100f0    00000046     cc26xx_gatt_pcxx.a : gatt_client.o (.text)
                  00010136    00000002     rom_sysbios.aem3 : rom_sysbios.obj (.text:xdc_runtime_SysCallback_defaultAbort)
                  00010138    00000044     driverlib.lib : osc.obj (.text:NOROM_OSCHF_SwitchToRcOscTurnOffXosc)
                  0001017c    00000044     RFCC26XX_singleMode.obj (.text:RF_cmdStoreEvents$7)
                  000101c0    00000044     drivers_cc26x0r2.aem3 : RingBuf.oem3 (.text:RingBuf_put)
                  00010204    00000044     boot.aem3 : boot.oem3 (.text)
[...]
20002a2c  PowerCC26XX_swiKey                                                        
20002a38  llConnEvtNotice                                                           
20002a40  featureSetMask                                                            
20002a50  LSTORecoveryArr                                                           
20002a54  llCombineState                                                            
20002a58  llCurrentMappedChan                                                       
20002a60  connEvtCB                                                                 
20002a64  clientInfoTbl                                                             
20002a6c  ClockP_tickPeriod                                                         
20002a70  tasksEvents                                                               
20002a74  trngCC26XXObjects                                                         
20002a7b  hciTaskID                                                                 
20002a7c  hciTestTaskID                                                             
20002a7d  hciGapTaskID                                                              
20002a7e  hciL2capTaskID                                                            
20002a7f  hciSmpTaskID                                                              
20002a81  driverlib_release_0_56883                                                 
20002a82  icall_liteTaskId                                                          
20002a83  heapStart                                                                 
20004000  __stack                                                                   
20004000  heapEnd                                                                   
20004400  __STACK_END                                                               
20004400  __STACK_TOP                                                               
200044f8  RAM_BASE_ADDR                                                             
20004504  ROM_FlashJT                                                               
20004558  gapPeripheralCBs                                                          
20004564  gapPeripheralConnCBs                                                      
20004568  rfMode                                                                    
20004584  smResponderCBs                                                            
2000459c  slaveConnHandle                                                           
2000459e  nextHandle                                                                
200045a0  l2capMtuSize                                                              
200045a2  gapAppTaskID                                                              
200045a3  gapAdvAppTaskID                                                           
200045a4  gapUnwantedTaskID                                                         
200045a5  reqTaskId                                                                 
200045a6  gattAppTaskID                                                             
200045a7  appTaskID                                                                 
200045a8  flowCtrlTaskId                                                            
200045a9  SM_appTaskID                                                              
200045ac  resolvingList                                                             
200046ec  scanDataEntry                                                             
200047cc  wlTable                                                                   
200048a8  wlTableScan                                                               
20004a20  advCmd                                                                    
20004a68  localEccKeys                                                              
20004aac  initDataEntry                                                             
20004ae4  advDataEntry                                                              
20004b1c  l2capFixedChannels                                                        
20004b4c  linkCBs                                                                   
20004b7c  eccParams                                                                 
20004bac  initParam                                                                 
20004bd0  scanParam                                                                 
20004bf4  advParam                                                                  
20004c14  cryptoPRAND                                                               
20004c34  txModemTestCmd                                                            
20004c50  gapParams                                                                 
20004c6c  initCmd                                                                   
20004c84  connReqData                                                               
20004c9c  scanCmd                                                                   
20004cb4  scanOutput                                                                
20004ccc  trxTestCmd                                                                
20004ce4  rxModemTestCmd                                                            
20004cfc  rsp                                                                       
20004d14  fwParDtmCmd                                                               
20004d2c  rfSetup                                                                   
20004d44  fwParRfCmd                                                                
20004d5c  connOutput                                                                
20004d70  rxTestParam                                                               
20004d84  initDataQueue                                                             
20004d94  scanDataQueue                                                             
20004da4  advDataQueue                                                              
20004db4  advOutput                                                                 
20004dc4  txTestParam                                                               
20004dd4  initOutput                                                                
20004de0  rxTestOut                                                                 
20004dec  deviceFeatureSet                                                          
20004df8  cachedTRNGdata                                                            
20004e04  gapCurrentRandomAddr                                                      
20004e0c  slaveUpdateReq                                                            
20004e14  pBleEvtMask                                                               
20004e1c  pHciEvtMask                                                               
20004e24  pHciEvtMask2                                                              
20004e2c  ownPublicAddr                                                             
20004e34  ownRandomAddr                                                             
20004e3c  ownSavedPublicAddr                                                        
20004e44  fwImmedCmd                                                                
20004e4c  attServerNotifyTxCB                                                       
20004e50  rfEvent                                                                   
20004e58  fwParCmd                                                                  
20004e60  verInfo                                                                   
20004e68  llConns                                                                   
20004e70  fwParamImmedCmd                                                           
20004e78  privInfo                                                                  
20004e80  linkCmd                                                                   
20004e84  linkParam                                                                 
20004e88  rxDataQ                                                                   
20004e8c  txDataQ                                                                   
20004e90  rxRingBuf                                                                 
20004e94  txTestOut                                                                 
20004e98  pGapDiscReq                                                               
20004e9c  pGapAdvertState                                                           
20004ea0  pEstLink                                                                  
20004ea4  pAuthLink                                                                 
20004ea8  pfnCentralConnCBs                                                         
20004eac  pfnPeripheralConnCBs                                                      
20004eb0  pGapAdvTokens                                                             
20004eb4  pGapAdData                                                                
20004eb8  pGapScanRspData                                                           
20004ebc  pfnPeripheralCBs                                                          
20004ec0  pfnCentralCBs                                                             
20004ec4  pfnBondMgrCBs                                                             
20004ec8  serverInfoTbl                                                             
20004ecc  pServiceList                                                              
20004ed0  pfnServerProcessMsgCB                                                     
20004ed4  pfnClientProcessMsgCB                                                     
20004ed8  prepareWritesTbl                                                          
20004edc  serviceCBsList                                                            
20004ee0  pAttrValue                                                                
20004ee4  l2capChannels                                                             
20004ee8  linkDB                                                                    
20004eec  rfHandle                                                                  
20004ef0  rfDrvTblPtr                                                               
20004ef4  eccDrvTblPtr                                                              
20004ef8  cryptoDrvTblPtr                                                           
20004efc  trngDrvTblPtr                                                             
20004f00  activeConns                                                               
20004f04  SysBootMsg                                                                
20004f08  sclkSrc                                                                   
20004f0c  buildInfo                                                                 
20004f10  advInfo                                                                   
20004f14  scanInfo                                                                  
20004f18  initInfo                                                                  
20004f1c  dtmInfo                                                                   
20004f20  taskEndAction                                                             
20004f24  encParams                                                                 
20004f28  encHandle                                                                 
20004f2c  encKey                                                                    
20004f30  pPairingParams                                                            
20004f34  pfnResponderCBs                                                           
20004f38  pfnInitiatorCBs                                                           
20004f3c  gapLimitedAdvertisingTimeout                                              
20004f3e  attrLen                                                                   
20004f40  numHostBufs                                                               
20004f42  rfCmdHandle                                                               
20004f44  connInitialMaxTxOctets                                                    
20004f46  connInitialMaxTxTime                                                      
20004f48  supportedMaxTxOctets                                                      
20004f4a  supportedMaxTxTime                                                        
20004f4c  supportedMaxRxOctets                                                      
20004f4e  supportedMaxRxTime                                                        
20004f50  taskEndStatus                                                             
20004f52  postRfOperations                                                          
20004f54  rfCfgAdiVal                                                               
20004f58  gapProfileRole                                                            
20004f59  gapDeviceAddrMode                                                         
20004f5a  gapState                                                                  
20004f5b  terminateAllTaskID                                                        
20004f5c  terminateReason                                                           
20004f5d  gapTaskID                                                                 
20004f5e  gattNumConns                                                              
20004f5f  gattTaskID                                                                
20004f60  GATTServApp_TaskID                                                        
20004f61  maxNumPrepareWrites                                                       
20004f62  hciPTMenabled                                                             
20004f63  ctrlToHostEnable                                                          
20004f64  l2capFlowCtrlMode                                                         
20004f65  l2capTaskID                                                               
20004f66  l2capNumChannels                                                          
20004f67  l2capNumDataPkts                                                          
20004f68  l2capId                                                                   
20004f69  linkDBNumConns                                                            
20004f6a  linkDB_secureConnectionOnlyMode                                           
20004f6b  maxPduSize                                                                
20004f6c  rfFeModeBias                                                              
20004f6d  maxNumTxDataBufs                                                          
20004f6e  LL_TaskID                                                                 
20004f6f  llState                                                                   
20004f70  rssiCorrection                                                            
20004f71  curTxPowerVal                                                             
20004f72  maxTxPwrForDTM                                                            
20004f73  onePktPerEvt                                                              
20004f74  numComplPkts                                                              
20004f75  numComplPktsLimit                                                         
20004f76  numComplPktsFlush                                                         
20004f77  fastTxRespTime                                                            
20004f78  slOverride                                                                
20004f79  rxFifoFlowCtrl                                                            
20004f7a  numTxDataBufs                                                             
20004f7b  maxNumConns                                                               
20004f7c  smTaskID                                                                  
20004f7d  SM_appExpectingKey                                                        
20004f80  ECC_DATA$$Base                                                            
20004f80  eccRom_param_Gx                                                           
20004f84  eccRom_param_Gy                                                           
20004f88  eccRom_workzone                                                           
20004f8c  eccRom_param_p                                                            
20004f90  eccRom_param_r                                                            
20004f94  eccRom_param_a                                                            
20004f98  eccRom_param_b                                                            
20004f9c  eccRom_windowSize                                                         
20004fa0  aux64                                                                     
20004fa8  MOD                                                                       
20004fac  LEN                                                                       
20004fb0  inScalar                                                                  
20004fb4  inPointX                                                                  
20004fb8  inPointY                                                                  
20004fbc  outPointX                                                                 
20004fc0  outPointY                                                                 
20004fc4  SCAL                                                                      
20004fc8  EXPX                                                                      
20004fcc  EXPY                                                                      
20004fd0  EXPZ                                                                      
20004fd4  EXPW                                                                      
20004fd8  ACCX                                                                      
20004fdc  ACCY                                                                      
20004fe0  ACCZ                                                                      
20004fe4  TMP1                                                                      
20004fe8  TMP2                                                                      
20004fec  TMP3                                                                      
20004ff0  TMP4                                                                      
20004ff4  TMP5                                                                      
20004ff8  TMP6                                                                      
20004ffc  MSBMOD                                                                    
20005000  ECC_DATA$$Limit                                                           
20005000  __UNUSED_SRAM_end__                                                       
e000e000  ti_sysbios_family_arm_m3_Hwi_nvic                                         
ffffffff  __TI_pprof_out_hndl                                                       
ffffffff  __TI_prof_data_size                                                       
ffffffff  __TI_prof_data_start                                                      
ffffffff  __binit__                                                                 
ffffffff  __c_args__                                                                
ffffffff  binit                                                                     
UNDEFED   SHT$$INIT_ARRAY$$Base                                                     
UNDEFED   SHT$$INIT_ARRAY$$Limit                                                    

[2435 symbols]
